<!doctype html public "-//w3c//dtd html 4.0 transitional//en">
<html><head>
<title>Static Call Graph - [.\BUILD\Motor.axf]</title></head>
<body><HR>
<H1>Static Call Graph for image .\BUILD\Motor.axf</H1><HR>
<BR><P>#&#060CALLGRAPH&#062# ARM Linker, 5060750: Last Updated: Sat Feb 23 12:33:29 2019
<BR><P>
<H3>Maximum Stack Usage =        824 bytes + Unknown(Cycles, Untraceable Function Pointers)</H3><H3>
Call chain for Maximum Stack Depth:</H3>
mbed::CAN::~CAN() &rArr; sleep_manager_unlock_deep_sleep_internal &rArr; mbed_error &rArr; exit &rArr; fflush &rArr; _do_fflush &rArr; _fflush &rArr; _writebuf &rArr; _sys_write &rArr; get_fhc(int) &rArr; __cxa_guard_release &rArr; mbed_assert_internal &rArr;  mbed_die (Cycle)
<P>
<H3>
Mutually Recursive functions
</H3> <LI><a href="#[11]">NMI_Handler</a>&nbsp;&nbsp;&nbsp;&rArr;&nbsp;&nbsp;&nbsp;<a href="#[11]">NMI_Handler</a><BR>
 <LI><a href="#[12]">HardFault_Handler</a>&nbsp;&nbsp;&nbsp;&rArr;&nbsp;&nbsp;&nbsp;<a href="#[12]">HardFault_Handler</a><BR>
 <LI><a href="#[13]">MemManage_Handler</a>&nbsp;&nbsp;&nbsp;&rArr;&nbsp;&nbsp;&nbsp;<a href="#[13]">MemManage_Handler</a><BR>
 <LI><a href="#[14]">BusFault_Handler</a>&nbsp;&nbsp;&nbsp;&rArr;&nbsp;&nbsp;&nbsp;<a href="#[14]">BusFault_Handler</a><BR>
 <LI><a href="#[15]">UsageFault_Handler</a>&nbsp;&nbsp;&nbsp;&rArr;&nbsp;&nbsp;&nbsp;<a href="#[15]">UsageFault_Handler</a><BR>
 <LI><a href="#[16]">SVC_Handler</a>&nbsp;&nbsp;&nbsp;&rArr;&nbsp;&nbsp;&nbsp;<a href="#[16]">SVC_Handler</a><BR>
 <LI><a href="#[17]">DebugMon_Handler</a>&nbsp;&nbsp;&nbsp;&rArr;&nbsp;&nbsp;&nbsp;<a href="#[17]">DebugMon_Handler</a><BR>
 <LI><a href="#[18]">PendSV_Handler</a>&nbsp;&nbsp;&nbsp;&rArr;&nbsp;&nbsp;&nbsp;<a href="#[18]">PendSV_Handler</a><BR>
 <LI><a href="#[19]">SysTick_Handler</a>&nbsp;&nbsp;&nbsp;&rArr;&nbsp;&nbsp;&nbsp;<a href="#[19]">SysTick_Handler</a><BR>
 <LI><a href="#[2c]">ADC_IRQHandler</a>&nbsp;&nbsp;&nbsp;&rArr;&nbsp;&nbsp;&nbsp;<a href="#[2c]">ADC_IRQHandler</a><BR>
 <LI><a href="#[142]">mbed_assert_internal</a>&nbsp;&nbsp;&nbsp;&rArr;&nbsp;&nbsp;&nbsp;<a href="#[181]">mbed_die</a><BR>
 <LI><a href="#[179]">core_util_critical_section_enter</a>&nbsp;&nbsp;&nbsp;&rArr;&nbsp;&nbsp;&nbsp;<a href="#[142]">mbed_assert_internal</a><BR>
 <LI><a href="#[174]">pinmap_merge</a>&nbsp;&nbsp;&nbsp;&rArr;&nbsp;&nbsp;&nbsp;<a href="#[192]">mbed_error</a><BR>
 <LI><a href="#[13d]">error</a>&nbsp;&nbsp;&nbsp;&rArr;&nbsp;&nbsp;&nbsp;<a href="#[d1]">exit</a><BR>
 <LI><a href="#[180]">mbed_error_vfprintf</a>&nbsp;&nbsp;&nbsp;&rArr;&nbsp;&nbsp;&nbsp;<a href="#[147]">serial_init</a><BR>
 <LI><a href="#[17f]">print_error_report</a>&nbsp;&nbsp;&nbsp;&rArr;&nbsp;&nbsp;&nbsp;<a href="#[190]">mbed_error_printf</a><BR>
 <LI><a href="#[17e]">handle_error</a>&nbsp;&nbsp;&nbsp;&rArr;&nbsp;&nbsp;&nbsp;<a href="#[17b]">core_util_critical_section_exit</a><BR>
 <LI><a href="#[175]">pin_mode</a>&nbsp;&nbsp;&nbsp;&rArr;&nbsp;&nbsp;&nbsp;<a href="#[142]">mbed_assert_internal</a><BR>
 <LI><a href="#[171]">pinmap_pinout</a>&nbsp;&nbsp;&nbsp;&rArr;&nbsp;&nbsp;&nbsp;<a href="#[192]">mbed_error</a><BR>
 <LI><a href="#[184]">pin_function</a>&nbsp;&nbsp;&nbsp;&rArr;&nbsp;&nbsp;&nbsp;<a href="#[142]">mbed_assert_internal</a><BR>
 <LI><a href="#[16f]">pinmap_peripheral</a>&nbsp;&nbsp;&nbsp;&rArr;&nbsp;&nbsp;&nbsp;<a href="#[192]">mbed_error</a><BR>
 <LI><a href="#[147]">serial_init</a>&nbsp;&nbsp;&nbsp;&rArr;&nbsp;&nbsp;&nbsp;<a href="#[142]">mbed_assert_internal</a><BR>
 <LI><a href="#[190]">mbed_error_printf</a>&nbsp;&nbsp;&nbsp;&rArr;&nbsp;&nbsp;&nbsp;<a href="#[17b]">core_util_critical_section_exit</a><BR>
 <LI><a href="#[177]">core_util_atomic_decr_u16</a>&nbsp;&nbsp;&nbsp;&rArr;&nbsp;&nbsp;&nbsp;<a href="#[177]">core_util_atomic_decr_u16</a><BR>
 <LI><a href="#[178]">core_util_atomic_incr_u16</a>&nbsp;&nbsp;&nbsp;&rArr;&nbsp;&nbsp;&nbsp;<a href="#[178]">core_util_atomic_incr_u16</a><BR>
</UL>
<P>
<H3>
Function Pointers
</H3><UL>
 <LI><a href="#[7d]">&lang;Func1&rang;</a> from mbed/TARGET_NUCLEO_F429ZI/TOOLCHAIN_ARM_STD/mbed.ar(CAN.o)(i.<Func1>) referenced from mbed/TARGET_NUCLEO_F429ZI/TOOLCHAIN_ARM_STD/mbed.ar(CAN.o)(i._ZN4mbed3CANC1E7PinNameS1_i)
 <LI><a href="#[2c]">ADC_IRQHandler</a> from mbed/TARGET_NUCLEO_F429ZI/TOOLCHAIN_ARM_STD/startup_stm32f429xx.o(.text) referenced from mbed/TARGET_NUCLEO_F429ZI/TOOLCHAIN_ARM_STD/startup_stm32f429xx.o(RESET)
 <LI><a href="#[14]">BusFault_Handler</a> from mbed/TARGET_NUCLEO_F429ZI/TOOLCHAIN_ARM_STD/startup_stm32f429xx.o(.text) referenced from mbed/TARGET_NUCLEO_F429ZI/TOOLCHAIN_ARM_STD/startup_stm32f429xx.o(RESET)
 <LI><a href="#[2e]">CAN1_RX0_IRQHandler</a> from mbed/TARGET_NUCLEO_F429ZI/TOOLCHAIN_ARM_STD/can_api.o(i.CAN1_RX0_IRQHandler) referenced from mbed/TARGET_NUCLEO_F429ZI/TOOLCHAIN_ARM_STD/startup_stm32f429xx.o(RESET)
 <LI><a href="#[2e]">CAN1_RX0_IRQHandler</a> from mbed/TARGET_NUCLEO_F429ZI/TOOLCHAIN_ARM_STD/can_api.o(i.CAN1_RX0_IRQHandler) referenced from mbed/TARGET_NUCLEO_F429ZI/TOOLCHAIN_ARM_STD/can_api.o(i.can_irq_set)
 <LI><a href="#[2f]">CAN1_RX1_IRQHandler</a> from mbed/TARGET_NUCLEO_F429ZI/TOOLCHAIN_ARM_STD/startup_stm32f429xx.o(.text) referenced from mbed/TARGET_NUCLEO_F429ZI/TOOLCHAIN_ARM_STD/startup_stm32f429xx.o(RESET)
 <LI><a href="#[30]">CAN1_SCE_IRQHandler</a> from mbed/TARGET_NUCLEO_F429ZI/TOOLCHAIN_ARM_STD/can_api.o(i.CAN1_SCE_IRQHandler) referenced from mbed/TARGET_NUCLEO_F429ZI/TOOLCHAIN_ARM_STD/startup_stm32f429xx.o(RESET)
 <LI><a href="#[30]">CAN1_SCE_IRQHandler</a> from mbed/TARGET_NUCLEO_F429ZI/TOOLCHAIN_ARM_STD/can_api.o(i.CAN1_SCE_IRQHandler) referenced from mbed/TARGET_NUCLEO_F429ZI/TOOLCHAIN_ARM_STD/can_api.o(i.can_irq_set)
 <LI><a href="#[2d]">CAN1_TX_IRQHandler</a> from mbed/TARGET_NUCLEO_F429ZI/TOOLCHAIN_ARM_STD/can_api.o(i.CAN1_TX_IRQHandler) referenced from mbed/TARGET_NUCLEO_F429ZI/TOOLCHAIN_ARM_STD/startup_stm32f429xx.o(RESET)
 <LI><a href="#[2d]">CAN1_TX_IRQHandler</a> from mbed/TARGET_NUCLEO_F429ZI/TOOLCHAIN_ARM_STD/can_api.o(i.CAN1_TX_IRQHandler) referenced from mbed/TARGET_NUCLEO_F429ZI/TOOLCHAIN_ARM_STD/can_api.o(i.can_irq_set)
 <LI><a href="#[5a]">CAN2_RX0_IRQHandler</a> from mbed/TARGET_NUCLEO_F429ZI/TOOLCHAIN_ARM_STD/can_api.o(i.CAN2_RX0_IRQHandler) referenced from mbed/TARGET_NUCLEO_F429ZI/TOOLCHAIN_ARM_STD/startup_stm32f429xx.o(RESET)
 <LI><a href="#[5a]">CAN2_RX0_IRQHandler</a> from mbed/TARGET_NUCLEO_F429ZI/TOOLCHAIN_ARM_STD/can_api.o(i.CAN2_RX0_IRQHandler) referenced from mbed/TARGET_NUCLEO_F429ZI/TOOLCHAIN_ARM_STD/can_api.o(i.can_irq_set)
 <LI><a href="#[5b]">CAN2_RX1_IRQHandler</a> from mbed/TARGET_NUCLEO_F429ZI/TOOLCHAIN_ARM_STD/startup_stm32f429xx.o(.text) referenced from mbed/TARGET_NUCLEO_F429ZI/TOOLCHAIN_ARM_STD/startup_stm32f429xx.o(RESET)
 <LI><a href="#[5c]">CAN2_SCE_IRQHandler</a> from mbed/TARGET_NUCLEO_F429ZI/TOOLCHAIN_ARM_STD/can_api.o(i.CAN2_SCE_IRQHandler) referenced from mbed/TARGET_NUCLEO_F429ZI/TOOLCHAIN_ARM_STD/startup_stm32f429xx.o(RESET)
 <LI><a href="#[5c]">CAN2_SCE_IRQHandler</a> from mbed/TARGET_NUCLEO_F429ZI/TOOLCHAIN_ARM_STD/can_api.o(i.CAN2_SCE_IRQHandler) referenced from mbed/TARGET_NUCLEO_F429ZI/TOOLCHAIN_ARM_STD/can_api.o(i.can_irq_set)
 <LI><a href="#[59]">CAN2_TX_IRQHandler</a> from mbed/TARGET_NUCLEO_F429ZI/TOOLCHAIN_ARM_STD/can_api.o(i.CAN2_TX_IRQHandler) referenced from mbed/TARGET_NUCLEO_F429ZI/TOOLCHAIN_ARM_STD/startup_stm32f429xx.o(RESET)
 <LI><a href="#[59]">CAN2_TX_IRQHandler</a> from mbed/TARGET_NUCLEO_F429ZI/TOOLCHAIN_ARM_STD/can_api.o(i.CAN2_TX_IRQHandler) referenced from mbed/TARGET_NUCLEO_F429ZI/TOOLCHAIN_ARM_STD/can_api.o(i.can_irq_set)
 <LI><a href="#[68]">DCMI_IRQHandler</a> from mbed/TARGET_NUCLEO_F429ZI/TOOLCHAIN_ARM_STD/startup_stm32f429xx.o(.text) referenced from mbed/TARGET_NUCLEO_F429ZI/TOOLCHAIN_ARM_STD/startup_stm32f429xx.o(RESET)
 <LI><a href="#[25]">DMA1_Stream0_IRQHandler</a> from mbed/TARGET_NUCLEO_F429ZI/TOOLCHAIN_ARM_STD/startup_stm32f429xx.o(.text) referenced from mbed/TARGET_NUCLEO_F429ZI/TOOLCHAIN_ARM_STD/startup_stm32f429xx.o(RESET)
 <LI><a href="#[26]">DMA1_Stream1_IRQHandler</a> from mbed/TARGET_NUCLEO_F429ZI/TOOLCHAIN_ARM_STD/startup_stm32f429xx.o(.text) referenced from mbed/TARGET_NUCLEO_F429ZI/TOOLCHAIN_ARM_STD/startup_stm32f429xx.o(RESET)
 <LI><a href="#[27]">DMA1_Stream2_IRQHandler</a> from mbed/TARGET_NUCLEO_F429ZI/TOOLCHAIN_ARM_STD/startup_stm32f429xx.o(.text) referenced from mbed/TARGET_NUCLEO_F429ZI/TOOLCHAIN_ARM_STD/startup_stm32f429xx.o(RESET)
 <LI><a href="#[28]">DMA1_Stream3_IRQHandler</a> from mbed/TARGET_NUCLEO_F429ZI/TOOLCHAIN_ARM_STD/startup_stm32f429xx.o(.text) referenced from mbed/TARGET_NUCLEO_F429ZI/TOOLCHAIN_ARM_STD/startup_stm32f429xx.o(RESET)
 <LI><a href="#[29]">DMA1_Stream4_IRQHandler</a> from mbed/TARGET_NUCLEO_F429ZI/TOOLCHAIN_ARM_STD/startup_stm32f429xx.o(.text) referenced from mbed/TARGET_NUCLEO_F429ZI/TOOLCHAIN_ARM_STD/startup_stm32f429xx.o(RESET)
 <LI><a href="#[2a]">DMA1_Stream5_IRQHandler</a> from mbed/TARGET_NUCLEO_F429ZI/TOOLCHAIN_ARM_STD/startup_stm32f429xx.o(.text) referenced from mbed/TARGET_NUCLEO_F429ZI/TOOLCHAIN_ARM_STD/startup_stm32f429xx.o(RESET)
 <LI><a href="#[2b]">DMA1_Stream6_IRQHandler</a> from mbed/TARGET_NUCLEO_F429ZI/TOOLCHAIN_ARM_STD/startup_stm32f429xx.o(.text) referenced from mbed/TARGET_NUCLEO_F429ZI/TOOLCHAIN_ARM_STD/startup_stm32f429xx.o(RESET)
 <LI><a href="#[49]">DMA1_Stream7_IRQHandler</a> from mbed/TARGET_NUCLEO_F429ZI/TOOLCHAIN_ARM_STD/startup_stm32f429xx.o(.text) referenced from mbed/TARGET_NUCLEO_F429ZI/TOOLCHAIN_ARM_STD/startup_stm32f429xx.o(RESET)
 <LI><a href="#[73]">DMA2D_IRQHandler</a> from mbed/TARGET_NUCLEO_F429ZI/TOOLCHAIN_ARM_STD/startup_stm32f429xx.o(.text) referenced from mbed/TARGET_NUCLEO_F429ZI/TOOLCHAIN_ARM_STD/startup_stm32f429xx.o(RESET)
 <LI><a href="#[52]">DMA2_Stream0_IRQHandler</a> from mbed/TARGET_NUCLEO_F429ZI/TOOLCHAIN_ARM_STD/startup_stm32f429xx.o(.text) referenced from mbed/TARGET_NUCLEO_F429ZI/TOOLCHAIN_ARM_STD/startup_stm32f429xx.o(RESET)
 <LI><a href="#[53]">DMA2_Stream1_IRQHandler</a> from mbed/TARGET_NUCLEO_F429ZI/TOOLCHAIN_ARM_STD/startup_stm32f429xx.o(.text) referenced from mbed/TARGET_NUCLEO_F429ZI/TOOLCHAIN_ARM_STD/startup_stm32f429xx.o(RESET)
 <LI><a href="#[54]">DMA2_Stream2_IRQHandler</a> from mbed/TARGET_NUCLEO_F429ZI/TOOLCHAIN_ARM_STD/startup_stm32f429xx.o(.text) referenced from mbed/TARGET_NUCLEO_F429ZI/TOOLCHAIN_ARM_STD/startup_stm32f429xx.o(RESET)
 <LI><a href="#[55]">DMA2_Stream3_IRQHandler</a> from mbed/TARGET_NUCLEO_F429ZI/TOOLCHAIN_ARM_STD/startup_stm32f429xx.o(.text) referenced from mbed/TARGET_NUCLEO_F429ZI/TOOLCHAIN_ARM_STD/startup_stm32f429xx.o(RESET)
 <LI><a href="#[56]">DMA2_Stream4_IRQHandler</a> from mbed/TARGET_NUCLEO_F429ZI/TOOLCHAIN_ARM_STD/startup_stm32f429xx.o(.text) referenced from mbed/TARGET_NUCLEO_F429ZI/TOOLCHAIN_ARM_STD/startup_stm32f429xx.o(RESET)
 <LI><a href="#[5e]">DMA2_Stream5_IRQHandler</a> from mbed/TARGET_NUCLEO_F429ZI/TOOLCHAIN_ARM_STD/startup_stm32f429xx.o(.text) referenced from mbed/TARGET_NUCLEO_F429ZI/TOOLCHAIN_ARM_STD/startup_stm32f429xx.o(RESET)
 <LI><a href="#[5f]">DMA2_Stream6_IRQHandler</a> from mbed/TARGET_NUCLEO_F429ZI/TOOLCHAIN_ARM_STD/startup_stm32f429xx.o(.text) referenced from mbed/TARGET_NUCLEO_F429ZI/TOOLCHAIN_ARM_STD/startup_stm32f429xx.o(RESET)
 <LI><a href="#[60]">DMA2_Stream7_IRQHandler</a> from mbed/TARGET_NUCLEO_F429ZI/TOOLCHAIN_ARM_STD/startup_stm32f429xx.o(.text) referenced from mbed/TARGET_NUCLEO_F429ZI/TOOLCHAIN_ARM_STD/startup_stm32f429xx.o(RESET)
 <LI><a href="#[17]">DebugMon_Handler</a> from mbed/TARGET_NUCLEO_F429ZI/TOOLCHAIN_ARM_STD/startup_stm32f429xx.o(.text) referenced from mbed/TARGET_NUCLEO_F429ZI/TOOLCHAIN_ARM_STD/startup_stm32f429xx.o(RESET)
 <LI><a href="#[57]">ETH_IRQHandler</a> from mbed/TARGET_NUCLEO_F429ZI/TOOLCHAIN_ARM_STD/startup_stm32f429xx.o(.text) referenced from mbed/TARGET_NUCLEO_F429ZI/TOOLCHAIN_ARM_STD/startup_stm32f429xx.o(RESET)
 <LI><a href="#[58]">ETH_WKUP_IRQHandler</a> from mbed/TARGET_NUCLEO_F429ZI/TOOLCHAIN_ARM_STD/startup_stm32f429xx.o(.text) referenced from mbed/TARGET_NUCLEO_F429ZI/TOOLCHAIN_ARM_STD/startup_stm32f429xx.o(RESET)
 <LI><a href="#[20]">EXTI0_IRQHandler</a> from mbed/TARGET_NUCLEO_F429ZI/TOOLCHAIN_ARM_STD/startup_stm32f429xx.o(.text) referenced from mbed/TARGET_NUCLEO_F429ZI/TOOLCHAIN_ARM_STD/startup_stm32f429xx.o(RESET)
 <LI><a href="#[42]">EXTI15_10_IRQHandler</a> from mbed/TARGET_NUCLEO_F429ZI/TOOLCHAIN_ARM_STD/startup_stm32f429xx.o(.text) referenced from mbed/TARGET_NUCLEO_F429ZI/TOOLCHAIN_ARM_STD/startup_stm32f429xx.o(RESET)
 <LI><a href="#[21]">EXTI1_IRQHandler</a> from mbed/TARGET_NUCLEO_F429ZI/TOOLCHAIN_ARM_STD/startup_stm32f429xx.o(.text) referenced from mbed/TARGET_NUCLEO_F429ZI/TOOLCHAIN_ARM_STD/startup_stm32f429xx.o(RESET)
 <LI><a href="#[22]">EXTI2_IRQHandler</a> from mbed/TARGET_NUCLEO_F429ZI/TOOLCHAIN_ARM_STD/startup_stm32f429xx.o(.text) referenced from mbed/TARGET_NUCLEO_F429ZI/TOOLCHAIN_ARM_STD/startup_stm32f429xx.o(RESET)
 <LI><a href="#[23]">EXTI3_IRQHandler</a> from mbed/TARGET_NUCLEO_F429ZI/TOOLCHAIN_ARM_STD/startup_stm32f429xx.o(.text) referenced from mbed/TARGET_NUCLEO_F429ZI/TOOLCHAIN_ARM_STD/startup_stm32f429xx.o(RESET)
 <LI><a href="#[24]">EXTI4_IRQHandler</a> from mbed/TARGET_NUCLEO_F429ZI/TOOLCHAIN_ARM_STD/startup_stm32f429xx.o(.text) referenced from mbed/TARGET_NUCLEO_F429ZI/TOOLCHAIN_ARM_STD/startup_stm32f429xx.o(RESET)
 <LI><a href="#[31]">EXTI9_5_IRQHandler</a> from mbed/TARGET_NUCLEO_F429ZI/TOOLCHAIN_ARM_STD/startup_stm32f429xx.o(.text) referenced from mbed/TARGET_NUCLEO_F429ZI/TOOLCHAIN_ARM_STD/startup_stm32f429xx.o(RESET)
 <LI><a href="#[1e]">FLASH_IRQHandler</a> from mbed/TARGET_NUCLEO_F429ZI/TOOLCHAIN_ARM_STD/startup_stm32f429xx.o(.text) referenced from mbed/TARGET_NUCLEO_F429ZI/TOOLCHAIN_ARM_STD/startup_stm32f429xx.o(RESET)
 <LI><a href="#[4a]">FMC_IRQHandler</a> from mbed/TARGET_NUCLEO_F429ZI/TOOLCHAIN_ARM_STD/startup_stm32f429xx.o(.text) referenced from mbed/TARGET_NUCLEO_F429ZI/TOOLCHAIN_ARM_STD/startup_stm32f429xx.o(RESET)
 <LI><a href="#[6a]">FPU_IRQHandler</a> from mbed/TARGET_NUCLEO_F429ZI/TOOLCHAIN_ARM_STD/startup_stm32f429xx.o(.text) referenced from mbed/TARGET_NUCLEO_F429ZI/TOOLCHAIN_ARM_STD/startup_stm32f429xx.o(RESET)
 <LI><a href="#[75]">HAL_InitPre</a> from mbed/TARGET_NUCLEO_F429ZI/TOOLCHAIN_ARM_STD/hal_init_pre.o(i.HAL_InitPre) referenced from mbed/TARGET_NUCLEO_F429ZI/TOOLCHAIN_ARM_STD/startup_stm32f429xx.o(.text)
 <LI><a href="#[69]">HASH_RNG_IRQHandler</a> from mbed/TARGET_NUCLEO_F429ZI/TOOLCHAIN_ARM_STD/startup_stm32f429xx.o(.text) referenced from mbed/TARGET_NUCLEO_F429ZI/TOOLCHAIN_ARM_STD/startup_stm32f429xx.o(RESET)
 <LI><a href="#[12]">HardFault_Handler</a> from mbed/TARGET_NUCLEO_F429ZI/TOOLCHAIN_ARM_STD/startup_stm32f429xx.o(.text) referenced from mbed/TARGET_NUCLEO_F429ZI/TOOLCHAIN_ARM_STD/startup_stm32f429xx.o(RESET)
 <LI><a href="#[3a]">I2C1_ER_IRQHandler</a> from mbed/TARGET_NUCLEO_F429ZI/TOOLCHAIN_ARM_STD/startup_stm32f429xx.o(.text) referenced from mbed/TARGET_NUCLEO_F429ZI/TOOLCHAIN_ARM_STD/startup_stm32f429xx.o(RESET)
 <LI><a href="#[39]">I2C1_EV_IRQHandler</a> from mbed/TARGET_NUCLEO_F429ZI/TOOLCHAIN_ARM_STD/startup_stm32f429xx.o(.text) referenced from mbed/TARGET_NUCLEO_F429ZI/TOOLCHAIN_ARM_STD/startup_stm32f429xx.o(RESET)
 <LI><a href="#[3c]">I2C2_ER_IRQHandler</a> from mbed/TARGET_NUCLEO_F429ZI/TOOLCHAIN_ARM_STD/startup_stm32f429xx.o(.text) referenced from mbed/TARGET_NUCLEO_F429ZI/TOOLCHAIN_ARM_STD/startup_stm32f429xx.o(RESET)
 <LI><a href="#[3b]">I2C2_EV_IRQHandler</a> from mbed/TARGET_NUCLEO_F429ZI/TOOLCHAIN_ARM_STD/startup_stm32f429xx.o(.text) referenced from mbed/TARGET_NUCLEO_F429ZI/TOOLCHAIN_ARM_STD/startup_stm32f429xx.o(RESET)
 <LI><a href="#[63]">I2C3_ER_IRQHandler</a> from mbed/TARGET_NUCLEO_F429ZI/TOOLCHAIN_ARM_STD/startup_stm32f429xx.o(.text) referenced from mbed/TARGET_NUCLEO_F429ZI/TOOLCHAIN_ARM_STD/startup_stm32f429xx.o(RESET)
 <LI><a href="#[62]">I2C3_EV_IRQHandler</a> from mbed/TARGET_NUCLEO_F429ZI/TOOLCHAIN_ARM_STD/startup_stm32f429xx.o(.text) referenced from mbed/TARGET_NUCLEO_F429ZI/TOOLCHAIN_ARM_STD/startup_stm32f429xx.o(RESET)
 <LI><a href="#[72]">LTDC_ER_IRQHandler</a> from mbed/TARGET_NUCLEO_F429ZI/TOOLCHAIN_ARM_STD/startup_stm32f429xx.o(.text) referenced from mbed/TARGET_NUCLEO_F429ZI/TOOLCHAIN_ARM_STD/startup_stm32f429xx.o(RESET)
 <LI><a href="#[71]">LTDC_IRQHandler</a> from mbed/TARGET_NUCLEO_F429ZI/TOOLCHAIN_ARM_STD/startup_stm32f429xx.o(.text) referenced from mbed/TARGET_NUCLEO_F429ZI/TOOLCHAIN_ARM_STD/startup_stm32f429xx.o(RESET)
 <LI><a href="#[13]">MemManage_Handler</a> from mbed/TARGET_NUCLEO_F429ZI/TOOLCHAIN_ARM_STD/startup_stm32f429xx.o(.text) referenced from mbed/TARGET_NUCLEO_F429ZI/TOOLCHAIN_ARM_STD/startup_stm32f429xx.o(RESET)
 <LI><a href="#[11]">NMI_Handler</a> from mbed/TARGET_NUCLEO_F429ZI/TOOLCHAIN_ARM_STD/startup_stm32f429xx.o(.text) referenced from mbed/TARGET_NUCLEO_F429ZI/TOOLCHAIN_ARM_STD/startup_stm32f429xx.o(RESET)
 <LI><a href="#[5d]">OTG_FS_IRQHandler</a> from mbed/TARGET_NUCLEO_F429ZI/TOOLCHAIN_ARM_STD/startup_stm32f429xx.o(.text) referenced from mbed/TARGET_NUCLEO_F429ZI/TOOLCHAIN_ARM_STD/startup_stm32f429xx.o(RESET)
 <LI><a href="#[44]">OTG_FS_WKUP_IRQHandler</a> from mbed/TARGET_NUCLEO_F429ZI/TOOLCHAIN_ARM_STD/startup_stm32f429xx.o(.text) referenced from mbed/TARGET_NUCLEO_F429ZI/TOOLCHAIN_ARM_STD/startup_stm32f429xx.o(RESET)
 <LI><a href="#[65]">OTG_HS_EP1_IN_IRQHandler</a> from mbed/TARGET_NUCLEO_F429ZI/TOOLCHAIN_ARM_STD/startup_stm32f429xx.o(.text) referenced from mbed/TARGET_NUCLEO_F429ZI/TOOLCHAIN_ARM_STD/startup_stm32f429xx.o(RESET)
 <LI><a href="#[64]">OTG_HS_EP1_OUT_IRQHandler</a> from mbed/TARGET_NUCLEO_F429ZI/TOOLCHAIN_ARM_STD/startup_stm32f429xx.o(.text) referenced from mbed/TARGET_NUCLEO_F429ZI/TOOLCHAIN_ARM_STD/startup_stm32f429xx.o(RESET)
 <LI><a href="#[67]">OTG_HS_IRQHandler</a> from mbed/TARGET_NUCLEO_F429ZI/TOOLCHAIN_ARM_STD/startup_stm32f429xx.o(.text) referenced from mbed/TARGET_NUCLEO_F429ZI/TOOLCHAIN_ARM_STD/startup_stm32f429xx.o(RESET)
 <LI><a href="#[66]">OTG_HS_WKUP_IRQHandler</a> from mbed/TARGET_NUCLEO_F429ZI/TOOLCHAIN_ARM_STD/startup_stm32f429xx.o(.text) referenced from mbed/TARGET_NUCLEO_F429ZI/TOOLCHAIN_ARM_STD/startup_stm32f429xx.o(RESET)
 <LI><a href="#[1b]">PVD_IRQHandler</a> from mbed/TARGET_NUCLEO_F429ZI/TOOLCHAIN_ARM_STD/startup_stm32f429xx.o(.text) referenced from mbed/TARGET_NUCLEO_F429ZI/TOOLCHAIN_ARM_STD/startup_stm32f429xx.o(RESET)
 <LI><a href="#[18]">PendSV_Handler</a> from mbed/TARGET_NUCLEO_F429ZI/TOOLCHAIN_ARM_STD/startup_stm32f429xx.o(.text) referenced from mbed/TARGET_NUCLEO_F429ZI/TOOLCHAIN_ARM_STD/startup_stm32f429xx.o(RESET)
 <LI><a href="#[1f]">RCC_IRQHandler</a> from mbed/TARGET_NUCLEO_F429ZI/TOOLCHAIN_ARM_STD/startup_stm32f429xx.o(.text) referenced from mbed/TARGET_NUCLEO_F429ZI/TOOLCHAIN_ARM_STD/startup_stm32f429xx.o(RESET)
 <LI><a href="#[43]">RTC_Alarm_IRQHandler</a> from mbed/TARGET_NUCLEO_F429ZI/TOOLCHAIN_ARM_STD/startup_stm32f429xx.o(.text) referenced from mbed/TARGET_NUCLEO_F429ZI/TOOLCHAIN_ARM_STD/startup_stm32f429xx.o(RESET)
 <LI><a href="#[1d]">RTC_WKUP_IRQHandler</a> from mbed/TARGET_NUCLEO_F429ZI/TOOLCHAIN_ARM_STD/startup_stm32f429xx.o(.text) referenced from mbed/TARGET_NUCLEO_F429ZI/TOOLCHAIN_ARM_STD/startup_stm32f429xx.o(RESET)
 <LI><a href="#[10]">Reset_Handler</a> from mbed/TARGET_NUCLEO_F429ZI/TOOLCHAIN_ARM_STD/startup_stm32f429xx.o(.text) referenced from mbed/TARGET_NUCLEO_F429ZI/TOOLCHAIN_ARM_STD/startup_stm32f429xx.o(RESET)
 <LI><a href="#[70]">SAI1_IRQHandler</a> from mbed/TARGET_NUCLEO_F429ZI/TOOLCHAIN_ARM_STD/startup_stm32f429xx.o(.text) referenced from mbed/TARGET_NUCLEO_F429ZI/TOOLCHAIN_ARM_STD/startup_stm32f429xx.o(RESET)
 <LI><a href="#[4b]">SDIO_IRQHandler</a> from mbed/TARGET_NUCLEO_F429ZI/TOOLCHAIN_ARM_STD/startup_stm32f429xx.o(.text) referenced from mbed/TARGET_NUCLEO_F429ZI/TOOLCHAIN_ARM_STD/startup_stm32f429xx.o(RESET)
 <LI><a href="#[3d]">SPI1_IRQHandler</a> from mbed/TARGET_NUCLEO_F429ZI/TOOLCHAIN_ARM_STD/startup_stm32f429xx.o(.text) referenced from mbed/TARGET_NUCLEO_F429ZI/TOOLCHAIN_ARM_STD/startup_stm32f429xx.o(RESET)
 <LI><a href="#[3e]">SPI2_IRQHandler</a> from mbed/TARGET_NUCLEO_F429ZI/TOOLCHAIN_ARM_STD/startup_stm32f429xx.o(.text) referenced from mbed/TARGET_NUCLEO_F429ZI/TOOLCHAIN_ARM_STD/startup_stm32f429xx.o(RESET)
 <LI><a href="#[4d]">SPI3_IRQHandler</a> from mbed/TARGET_NUCLEO_F429ZI/TOOLCHAIN_ARM_STD/startup_stm32f429xx.o(.text) referenced from mbed/TARGET_NUCLEO_F429ZI/TOOLCHAIN_ARM_STD/startup_stm32f429xx.o(RESET)
 <LI><a href="#[6d]">SPI4_IRQHandler</a> from mbed/TARGET_NUCLEO_F429ZI/TOOLCHAIN_ARM_STD/startup_stm32f429xx.o(.text) referenced from mbed/TARGET_NUCLEO_F429ZI/TOOLCHAIN_ARM_STD/startup_stm32f429xx.o(RESET)
 <LI><a href="#[6e]">SPI5_IRQHandler</a> from mbed/TARGET_NUCLEO_F429ZI/TOOLCHAIN_ARM_STD/startup_stm32f429xx.o(.text) referenced from mbed/TARGET_NUCLEO_F429ZI/TOOLCHAIN_ARM_STD/startup_stm32f429xx.o(RESET)
 <LI><a href="#[6f]">SPI6_IRQHandler</a> from mbed/TARGET_NUCLEO_F429ZI/TOOLCHAIN_ARM_STD/startup_stm32f429xx.o(.text) referenced from mbed/TARGET_NUCLEO_F429ZI/TOOLCHAIN_ARM_STD/startup_stm32f429xx.o(RESET)
 <LI><a href="#[16]">SVC_Handler</a> from mbed/TARGET_NUCLEO_F429ZI/TOOLCHAIN_ARM_STD/startup_stm32f429xx.o(.text) referenced from mbed/TARGET_NUCLEO_F429ZI/TOOLCHAIN_ARM_STD/startup_stm32f429xx.o(RESET)
 <LI><a href="#[19]">SysTick_Handler</a> from mbed/TARGET_NUCLEO_F429ZI/TOOLCHAIN_ARM_STD/startup_stm32f429xx.o(.text) referenced from mbed/TARGET_NUCLEO_F429ZI/TOOLCHAIN_ARM_STD/startup_stm32f429xx.o(RESET)
 <LI><a href="#[76]">SystemInit</a> from mbed/TARGET_NUCLEO_F429ZI/TOOLCHAIN_ARM_STD/system_clock.o(i.SystemInit) referenced from mbed/TARGET_NUCLEO_F429ZI/TOOLCHAIN_ARM_STD/startup_stm32f429xx.o(.text)
 <LI><a href="#[74]">SystemInitPre</a> from mbed/TARGET_NUCLEO_F429ZI/TOOLCHAIN_ARM_STD/system_init_pre.o(i.SystemInitPre) referenced from mbed/TARGET_NUCLEO_F429ZI/TOOLCHAIN_ARM_STD/startup_stm32f429xx.o(.text)
 <LI><a href="#[1c]">TAMP_STAMP_IRQHandler</a> from mbed/TARGET_NUCLEO_F429ZI/TOOLCHAIN_ARM_STD/startup_stm32f429xx.o(.text) referenced from mbed/TARGET_NUCLEO_F429ZI/TOOLCHAIN_ARM_STD/startup_stm32f429xx.o(RESET)
 <LI><a href="#[32]">TIM1_BRK_TIM9_IRQHandler</a> from mbed/TARGET_NUCLEO_F429ZI/TOOLCHAIN_ARM_STD/startup_stm32f429xx.o(.text) referenced from mbed/TARGET_NUCLEO_F429ZI/TOOLCHAIN_ARM_STD/startup_stm32f429xx.o(RESET)
 <LI><a href="#[35]">TIM1_CC_IRQHandler</a> from mbed/TARGET_NUCLEO_F429ZI/TOOLCHAIN_ARM_STD/startup_stm32f429xx.o(.text) referenced from mbed/TARGET_NUCLEO_F429ZI/TOOLCHAIN_ARM_STD/startup_stm32f429xx.o(RESET)
 <LI><a href="#[34]">TIM1_TRG_COM_TIM11_IRQHandler</a> from mbed/TARGET_NUCLEO_F429ZI/TOOLCHAIN_ARM_STD/startup_stm32f429xx.o(.text) referenced from mbed/TARGET_NUCLEO_F429ZI/TOOLCHAIN_ARM_STD/startup_stm32f429xx.o(RESET)
 <LI><a href="#[33]">TIM1_UP_TIM10_IRQHandler</a> from mbed/TARGET_NUCLEO_F429ZI/TOOLCHAIN_ARM_STD/startup_stm32f429xx.o(.text) referenced from mbed/TARGET_NUCLEO_F429ZI/TOOLCHAIN_ARM_STD/startup_stm32f429xx.o(RESET)
 <LI><a href="#[36]">TIM2_IRQHandler</a> from mbed/TARGET_NUCLEO_F429ZI/TOOLCHAIN_ARM_STD/startup_stm32f429xx.o(.text) referenced from mbed/TARGET_NUCLEO_F429ZI/TOOLCHAIN_ARM_STD/startup_stm32f429xx.o(RESET)
 <LI><a href="#[37]">TIM3_IRQHandler</a> from mbed/TARGET_NUCLEO_F429ZI/TOOLCHAIN_ARM_STD/startup_stm32f429xx.o(.text) referenced from mbed/TARGET_NUCLEO_F429ZI/TOOLCHAIN_ARM_STD/startup_stm32f429xx.o(RESET)
 <LI><a href="#[38]">TIM4_IRQHandler</a> from mbed/TARGET_NUCLEO_F429ZI/TOOLCHAIN_ARM_STD/startup_stm32f429xx.o(.text) referenced from mbed/TARGET_NUCLEO_F429ZI/TOOLCHAIN_ARM_STD/startup_stm32f429xx.o(RESET)
 <LI><a href="#[4c]">TIM5_IRQHandler</a> from mbed/TARGET_NUCLEO_F429ZI/TOOLCHAIN_ARM_STD/startup_stm32f429xx.o(.text) referenced from mbed/TARGET_NUCLEO_F429ZI/TOOLCHAIN_ARM_STD/startup_stm32f429xx.o(RESET)
 <LI><a href="#[50]">TIM6_DAC_IRQHandler</a> from mbed/TARGET_NUCLEO_F429ZI/TOOLCHAIN_ARM_STD/startup_stm32f429xx.o(.text) referenced from mbed/TARGET_NUCLEO_F429ZI/TOOLCHAIN_ARM_STD/startup_stm32f429xx.o(RESET)
 <LI><a href="#[51]">TIM7_IRQHandler</a> from mbed/TARGET_NUCLEO_F429ZI/TOOLCHAIN_ARM_STD/startup_stm32f429xx.o(.text) referenced from mbed/TARGET_NUCLEO_F429ZI/TOOLCHAIN_ARM_STD/startup_stm32f429xx.o(RESET)
 <LI><a href="#[45]">TIM8_BRK_TIM12_IRQHandler</a> from mbed/TARGET_NUCLEO_F429ZI/TOOLCHAIN_ARM_STD/startup_stm32f429xx.o(.text) referenced from mbed/TARGET_NUCLEO_F429ZI/TOOLCHAIN_ARM_STD/startup_stm32f429xx.o(RESET)
 <LI><a href="#[48]">TIM8_CC_IRQHandler</a> from mbed/TARGET_NUCLEO_F429ZI/TOOLCHAIN_ARM_STD/startup_stm32f429xx.o(.text) referenced from mbed/TARGET_NUCLEO_F429ZI/TOOLCHAIN_ARM_STD/startup_stm32f429xx.o(RESET)
 <LI><a href="#[47]">TIM8_TRG_COM_TIM14_IRQHandler</a> from mbed/TARGET_NUCLEO_F429ZI/TOOLCHAIN_ARM_STD/startup_stm32f429xx.o(.text) referenced from mbed/TARGET_NUCLEO_F429ZI/TOOLCHAIN_ARM_STD/startup_stm32f429xx.o(RESET)
 <LI><a href="#[46]">TIM8_UP_TIM13_IRQHandler</a> from mbed/TARGET_NUCLEO_F429ZI/TOOLCHAIN_ARM_STD/startup_stm32f429xx.o(.text) referenced from mbed/TARGET_NUCLEO_F429ZI/TOOLCHAIN_ARM_STD/startup_stm32f429xx.o(RESET)
 <LI><a href="#[4e]">UART4_IRQHandler</a> from mbed/TARGET_NUCLEO_F429ZI/TOOLCHAIN_ARM_STD/startup_stm32f429xx.o(.text) referenced from mbed/TARGET_NUCLEO_F429ZI/TOOLCHAIN_ARM_STD/startup_stm32f429xx.o(RESET)
 <LI><a href="#[4f]">UART5_IRQHandler</a> from mbed/TARGET_NUCLEO_F429ZI/TOOLCHAIN_ARM_STD/startup_stm32f429xx.o(.text) referenced from mbed/TARGET_NUCLEO_F429ZI/TOOLCHAIN_ARM_STD/startup_stm32f429xx.o(RESET)
 <LI><a href="#[6b]">UART7_IRQHandler</a> from mbed/TARGET_NUCLEO_F429ZI/TOOLCHAIN_ARM_STD/startup_stm32f429xx.o(.text) referenced from mbed/TARGET_NUCLEO_F429ZI/TOOLCHAIN_ARM_STD/startup_stm32f429xx.o(RESET)
 <LI><a href="#[6c]">UART8_IRQHandler</a> from mbed/TARGET_NUCLEO_F429ZI/TOOLCHAIN_ARM_STD/startup_stm32f429xx.o(.text) referenced from mbed/TARGET_NUCLEO_F429ZI/TOOLCHAIN_ARM_STD/startup_stm32f429xx.o(RESET)
 <LI><a href="#[3f]">USART1_IRQHandler</a> from mbed/TARGET_NUCLEO_F429ZI/TOOLCHAIN_ARM_STD/startup_stm32f429xx.o(.text) referenced from mbed/TARGET_NUCLEO_F429ZI/TOOLCHAIN_ARM_STD/startup_stm32f429xx.o(RESET)
 <LI><a href="#[40]">USART2_IRQHandler</a> from mbed/TARGET_NUCLEO_F429ZI/TOOLCHAIN_ARM_STD/startup_stm32f429xx.o(.text) referenced from mbed/TARGET_NUCLEO_F429ZI/TOOLCHAIN_ARM_STD/startup_stm32f429xx.o(RESET)
 <LI><a href="#[41]">USART3_IRQHandler</a> from mbed/TARGET_NUCLEO_F429ZI/TOOLCHAIN_ARM_STD/startup_stm32f429xx.o(.text) referenced from mbed/TARGET_NUCLEO_F429ZI/TOOLCHAIN_ARM_STD/startup_stm32f429xx.o(RESET)
 <LI><a href="#[61]">USART6_IRQHandler</a> from mbed/TARGET_NUCLEO_F429ZI/TOOLCHAIN_ARM_STD/startup_stm32f429xx.o(.text) referenced from mbed/TARGET_NUCLEO_F429ZI/TOOLCHAIN_ARM_STD/startup_stm32f429xx.o(RESET)
 <LI><a href="#[15]">UsageFault_Handler</a> from mbed/TARGET_NUCLEO_F429ZI/TOOLCHAIN_ARM_STD/startup_stm32f429xx.o(.text) referenced from mbed/TARGET_NUCLEO_F429ZI/TOOLCHAIN_ARM_STD/startup_stm32f429xx.o(RESET)
 <LI><a href="#[1a]">WWDG_IRQHandler</a> from mbed/TARGET_NUCLEO_F429ZI/TOOLCHAIN_ARM_STD/startup_stm32f429xx.o(.text) referenced from mbed/TARGET_NUCLEO_F429ZI/TOOLCHAIN_ARM_STD/startup_stm32f429xx.o(RESET)
 <LI><a href="#[8b]">DirectSerial::seek(long, int)</a> from mbed/TARGET_NUCLEO_F429ZI/TOOLCHAIN_ARM_STD/mbed_retarget.o(i._ZN12DirectSerial4seekEli) referenced from mbed/TARGET_NUCLEO_F429ZI/TOOLCHAIN_ARM_STD/mbed_retarget.o(.constdata__ZTV12DirectSerial)
 <LI><a href="#[8e]">DirectSerial::size()</a> from mbed/TARGET_NUCLEO_F429ZI/TOOLCHAIN_ARM_STD/mbed_retarget.o(i._ZN12DirectSerial4sizeEv) referenced from mbed/TARGET_NUCLEO_F429ZI/TOOLCHAIN_ARM_STD/mbed_retarget.o(.constdata__ZTV12DirectSerial)
 <LI><a href="#[8c]">DirectSerial::close()</a> from mbed/TARGET_NUCLEO_F429ZI/TOOLCHAIN_ARM_STD/mbed_retarget.o(i._ZN12DirectSerial5closeEv) referenced from mbed/TARGET_NUCLEO_F429ZI/TOOLCHAIN_ARM_STD/mbed_retarget.o(.constdata__ZTV12DirectSerial)
 <LI><a href="#[8a]">DirectSerial::write(const void*, unsigned)</a> from mbed/TARGET_NUCLEO_F429ZI/TOOLCHAIN_ARM_STD/mbed_retarget.o(i._ZN12DirectSerial5writeEPKvj) referenced from mbed/TARGET_NUCLEO_F429ZI/TOOLCHAIN_ARM_STD/mbed_retarget.o(.constdata__ZTV12DirectSerial)
 <LI><a href="#[8d]">DirectSerial::isatty()</a> from mbed/TARGET_NUCLEO_F429ZI/TOOLCHAIN_ARM_STD/mbed_retarget.o(i._ZN12DirectSerial6isattyEv) referenced from mbed/TARGET_NUCLEO_F429ZI/TOOLCHAIN_ARM_STD/mbed_retarget.o(.constdata__ZTV12DirectSerial)
 <LI><a href="#[7c]">DirectSerial::~DirectSerial()</a> from mbed/TARGET_NUCLEO_F429ZI/TOOLCHAIN_ARM_STD/mbed_retarget.o(i._ZN12DirectSerialD1Ev) referenced from mbed/TARGET_NUCLEO_F429ZI/TOOLCHAIN_ARM_STD/mbed_retarget.o(.constdata__ZTV12DirectSerial)
 <LI><a href="#[7c]">DirectSerial::~DirectSerial()</a> from mbed/TARGET_NUCLEO_F429ZI/TOOLCHAIN_ARM_STD/mbed_retarget.o(i._ZN12DirectSerialD1Ev) referenced from mbed/TARGET_NUCLEO_F429ZI/TOOLCHAIN_ARM_STD/mbed_retarget.o(i._Z7get_fhci)
 <LI><a href="#[7e]">mbed::CAN::_irq_handler(unsigned, CanIrqType)</a> from mbed/TARGET_NUCLEO_F429ZI/TOOLCHAIN_ARM_STD/mbed.ar(CAN.o)(i._ZN4mbed3CAN12_irq_handlerEj10CanIrqType) referenced from mbed/TARGET_NUCLEO_F429ZI/TOOLCHAIN_ARM_STD/mbed.ar(CAN.o)(i._ZN4mbed3CANC1E7PinNameS1_i)
 <LI><a href="#[8f]">mbed::CAN::lock()</a> from mbed/TARGET_NUCLEO_F429ZI/TOOLCHAIN_ARM_STD/mbed.ar(CAN.o)(i._ZN4mbed3CAN4lockEv) referenced from mbed/TARGET_NUCLEO_F429ZI/TOOLCHAIN_ARM_STD/mbed.ar(CAN.o)(.constdata__ZTVN4mbed3CANE)
 <LI><a href="#[90]">mbed::CAN::unlock()</a> from mbed/TARGET_NUCLEO_F429ZI/TOOLCHAIN_ARM_STD/mbed.ar(CAN.o)(i._ZN4mbed3CAN6unlockEv) referenced from mbed/TARGET_NUCLEO_F429ZI/TOOLCHAIN_ARM_STD/mbed.ar(CAN.o)(.constdata__ZTVN4mbed3CANE)
 <LI><a href="#[80]">mbed::CAN::~CAN()</a> from mbed/TARGET_NUCLEO_F429ZI/TOOLCHAIN_ARM_STD/mbed.ar(CAN.o)(i._ZN4mbed3CAND1Ev) referenced from mbed/TARGET_NUCLEO_F429ZI/TOOLCHAIN_ARM_STD/mbed.ar(CAN.o)(.constdata__ZTVN4mbed3CANE)
 <LI><a href="#[80]">mbed::CAN::~CAN()</a> from mbed/TARGET_NUCLEO_F429ZI/TOOLCHAIN_ARM_STD/mbed.ar(CAN.o)(i._ZN4mbed3CAND1Ev) referenced from .\build\main.o(i.__sti___8_main_cpp_can1)
 <LI><a href="#[91]">mbed::AnalogIn::lock()</a> from .\build\main.o(i._ZN4mbed8AnalogIn4lockEv) referenced from .\build\main.o(.constdata__ZTVN4mbed8AnalogInE)
 <LI><a href="#[92]">mbed::AnalogIn::unlock()</a> from .\build\main.o(i._ZN4mbed8AnalogIn6unlockEv) referenced from .\build\main.o(.constdata__ZTVN4mbed8AnalogInE)
 <LI><a href="#[81]">mbed::AnalogIn::~AnalogIn()</a> from .\build\main.o(i._ZN4mbed8AnalogInD1Ev) referenced from .\build\main.o(.constdata__ZTVN4mbed8AnalogInE)
 <LI><a href="#[81]">mbed::AnalogIn::~AnalogIn()</a> from .\build\main.o(i._ZN4mbed8AnalogInD1Ev) referenced from .\build\main.o(i.__sti___8_main_cpp_can1)
 <LI><a href="#[7f]">mbed::Callback&lang;void()&rang;::~Callback()</a> from mbed/TARGET_NUCLEO_F429ZI/TOOLCHAIN_ARM_STD/mbed.ar(CAN.o)(t._ZN4mbed8CallbackIFvvEED1Ev) referenced from mbed/TARGET_NUCLEO_F429ZI/TOOLCHAIN_ARM_STD/mbed.ar(CAN.o)(i._ZN4mbed3CAND1Ev)
 <LI><a href="#[95]">__main</a> from C:\Keil_v5\ARM\ARMCC\Bin\..\lib\armlib\c_w.l(__main.o)(!!!main) referenced from mbed/TARGET_NUCLEO_F429ZI/TOOLCHAIN_ARM_STD/startup_stm32f429xx.o(.text)
 <LI><a href="#[93]">__sti___8_main_cpp_can1</a> from .\build\main.o(i.__sti___8_main_cpp_can1) referenced from .\build\main.o(.init_array)
 <LI><a href="#[7b]">_get_lc_ctype</a> from C:\Keil_v5\ARM\ARMCC\Bin\..\lib\armlib\c_w.l(lc_ctype_c.o)(locale$$code) referenced from C:\Keil_v5\ARM\ARMCC\Bin\..\lib\armlib\c_w.l(rt_ctype_table.o)(.text)
 <LI><a href="#[79]">_printf_input_char</a> from C:\Keil_v5\ARM\ARMCC\Bin\..\lib\armlib\c_w.l(_printf_char_common.o)(.text) referenced from C:\Keil_v5\ARM\ARMCC\Bin\..\lib\armlib\c_w.l(_printf_char_common.o)(.text)
 <LI><a href="#[78]">_snputc</a> from C:\Keil_v5\ARM\ARMCC\Bin\..\lib\armlib\c_w.l(_snputc.o)(.text) referenced from C:\Keil_v5\ARM\ARMCC\Bin\..\lib\armlib\c_w.l(vsnprintf.o)(.text)
 <LI><a href="#[7a]">fputc</a> from C:\Keil_v5\ARM\ARMCC\Bin\..\lib\armlib\c_w.l(fputc.o)(i.fputc) referenced from C:\Keil_v5\ARM\ARMCC\Bin\..\lib\armlib\c_w.l(_printf_char_file.o)(.text)
 <LI><a href="#[94]">ticker_irq_handler</a> from mbed/TARGET_NUCLEO_F429ZI/TOOLCHAIN_ARM_STD/mbed.ar(mbed_ticker_api.o)(i.ticker_irq_handler) referenced from mbed/TARGET_NUCLEO_F429ZI/TOOLCHAIN_ARM_STD/mbed.ar(mbed_us_ticker_api.o)(.data)
 <LI><a href="#[82]">timer_irq_handler</a> from mbed/TARGET_NUCLEO_F429ZI/TOOLCHAIN_ARM_STD/us_ticker.o(i.timer_irq_handler) referenced from mbed/TARGET_NUCLEO_F429ZI/TOOLCHAIN_ARM_STD/us_ticker.o(i.init_32bit_timer)
 <LI><a href="#[86]">us_ticker_clear_interrupt</a> from mbed/TARGET_NUCLEO_F429ZI/TOOLCHAIN_ARM_STD/us_ticker.o(i.us_ticker_clear_interrupt) referenced from mbed/TARGET_NUCLEO_F429ZI/TOOLCHAIN_ARM_STD/mbed.ar(mbed_us_ticker_api.o)(.constdata)
 <LI><a href="#[85]">us_ticker_disable_interrupt</a> from mbed/TARGET_NUCLEO_F429ZI/TOOLCHAIN_ARM_STD/us_ticker.o(i.us_ticker_disable_interrupt) referenced from mbed/TARGET_NUCLEO_F429ZI/TOOLCHAIN_ARM_STD/mbed.ar(mbed_us_ticker_api.o)(.constdata)
 <LI><a href="#[88]">us_ticker_fire_interrupt</a> from mbed/TARGET_NUCLEO_F429ZI/TOOLCHAIN_ARM_STD/us_ticker.o(i.us_ticker_fire_interrupt) referenced from mbed/TARGET_NUCLEO_F429ZI/TOOLCHAIN_ARM_STD/mbed.ar(mbed_us_ticker_api.o)(.constdata)
 <LI><a href="#[89]">us_ticker_get_info</a> from mbed/TARGET_NUCLEO_F429ZI/TOOLCHAIN_ARM_STD/us_ticker.o(i.us_ticker_get_info) referenced from mbed/TARGET_NUCLEO_F429ZI/TOOLCHAIN_ARM_STD/mbed.ar(mbed_us_ticker_api.o)(.constdata)
 <LI><a href="#[83]">us_ticker_init</a> from mbed/TARGET_NUCLEO_F429ZI/TOOLCHAIN_ARM_STD/us_ticker.o(i.us_ticker_init) referenced from mbed/TARGET_NUCLEO_F429ZI/TOOLCHAIN_ARM_STD/mbed.ar(mbed_us_ticker_api.o)(.constdata)
 <LI><a href="#[84]">us_ticker_read</a> from mbed/TARGET_NUCLEO_F429ZI/TOOLCHAIN_ARM_STD/us_ticker.o(i.us_ticker_read) referenced from mbed/TARGET_NUCLEO_F429ZI/TOOLCHAIN_ARM_STD/mbed.ar(mbed_us_ticker_api.o)(.constdata)
 <LI><a href="#[87]">us_ticker_set_interrupt</a> from mbed/TARGET_NUCLEO_F429ZI/TOOLCHAIN_ARM_STD/us_ticker.o(i.us_ticker_set_interrupt) referenced from mbed/TARGET_NUCLEO_F429ZI/TOOLCHAIN_ARM_STD/mbed.ar(mbed_us_ticker_api.o)(.constdata)
</UL>
<P>
<H3>
Global Symbols
</H3>
<P><STRONG><a name="[95]"></a>__main</STRONG> (Thumb, 8 bytes, Stack size 0 bytes, C:\Keil_v5\ARM\ARMCC\Bin\..\lib\armlib\c_w.l(__main.o)(!!!main))
<BR><BR>[Calls]<UL><LI><a href="#[98]">&gt;&gt;</a>&nbsp;&nbsp;&nbsp;__rt_entry
<LI><a href="#[97]">&gt;&gt;</a>&nbsp;&nbsp;&nbsp;__scatterload
</UL>

<P><STRONG><a name="[97]"></a>__scatterload</STRONG> (Thumb, 0 bytes, Stack size unknown bytes, C:\Keil_v5\ARM\ARMCC\Bin\..\lib\armlib\c_w.l(__scatter.o)(!!!scatter))
<BR><BR>[Called By]<UL><LI><a href="#[95]">&gt;&gt;</a>&nbsp;&nbsp;&nbsp;__main
</UL>

<P><STRONG><a name="[99]"></a>__scatterload_rt2</STRONG> (Thumb, 44 bytes, Stack size unknown bytes, C:\Keil_v5\ARM\ARMCC\Bin\..\lib\armlib\c_w.l(__scatter.o)(!!!scatter), UNUSED)
<BR><BR>[Calls]<UL><LI><a href="#[98]">&gt;&gt;</a>&nbsp;&nbsp;&nbsp;__rt_entry
</UL>

<P><STRONG><a name="[19f]"></a>__scatterload_rt2_thumb_only</STRONG> (Thumb, 0 bytes, Stack size unknown bytes, C:\Keil_v5\ARM\ARMCC\Bin\..\lib\armlib\c_w.l(__scatter.o)(!!!scatter), UNUSED)

<P><STRONG><a name="[1a0]"></a>__scatterload_null</STRONG> (Thumb, 0 bytes, Stack size unknown bytes, C:\Keil_v5\ARM\ARMCC\Bin\..\lib\armlib\c_w.l(__scatter.o)(!!!scatter), UNUSED)

<P><STRONG><a name="[9a]"></a>__scatterload_copy</STRONG> (Thumb, 26 bytes, Stack size unknown bytes, C:\Keil_v5\ARM\ARMCC\Bin\..\lib\armlib\c_w.l(__scatter_copy.o)(!!handler_copy), UNUSED)
<BR><BR>[Calls]<UL><LI><a href="#[9a]">&gt;&gt;</a>&nbsp;&nbsp;&nbsp;__scatterload_copy
</UL>
<BR>[Called By]<UL><LI><a href="#[9a]">&gt;&gt;</a>&nbsp;&nbsp;&nbsp;__scatterload_copy
</UL>

<P><STRONG><a name="[1a1]"></a>__scatterload_zeroinit</STRONG> (Thumb, 28 bytes, Stack size unknown bytes, C:\Keil_v5\ARM\ARMCC\Bin\..\lib\armlib\c_w.l(__scatter_zi.o)(!!handler_zi), UNUSED)

<P><STRONG><a name="[9b]"></a>_printf_n</STRONG> (Thumb, 0 bytes, Stack size unknown bytes, C:\Keil_v5\ARM\ARMCC\Bin\..\lib\armlib\c_w.l(_printf_n.o)(.ARM.Collect$$_printf_percent$$00000001))
<BR><BR>[Calls]<UL><LI><a href="#[9c]">&gt;&gt;</a>&nbsp;&nbsp;&nbsp;_printf_charcount
</UL>

<P><STRONG><a name="[e4]"></a>_printf_percent</STRONG> (Thumb, 0 bytes, Stack size unknown bytes, C:\Keil_v5\ARM\ARMCC\Bin\..\lib\armlib\c_w.l(_printf_percent.o)(.ARM.Collect$$_printf_percent$$00000000))
<BR><BR>[Called By]<UL><LI><a href="#[e2]">&gt;&gt;</a>&nbsp;&nbsp;&nbsp;__printf
</UL>

<P><STRONG><a name="[9d]"></a>_printf_p</STRONG> (Thumb, 0 bytes, Stack size unknown bytes, C:\Keil_v5\ARM\ARMCC\Bin\..\lib\armlib\c_w.l(_printf_p.o)(.ARM.Collect$$_printf_percent$$00000002))
<BR><BR>[Stack]<UL><LI>Max Depth = 64 + Unknown Stack Size
<LI>Call Chain = _printf_p &rArr; _printf_hex_ptr &rArr; _printf_longlong_hex &rArr; _printf_int_common &rArr; _printf_post_padding
</UL>
<BR>[Calls]<UL><LI><a href="#[9e]">&gt;&gt;</a>&nbsp;&nbsp;&nbsp;_printf_hex_ptr
</UL>

<P><STRONG><a name="[9f]"></a>_printf_f</STRONG> (Thumb, 0 bytes, Stack size unknown bytes, C:\Keil_v5\ARM\ARMCC\Bin\..\lib\armlib\c_w.l(_printf_f.o)(.ARM.Collect$$_printf_percent$$00000003))
<BR><BR>[Stack]<UL><LI>Max Depth = 324 + Unknown Stack Size
<LI>Call Chain = _printf_f &rArr; _printf_fp_dec &rArr; _printf_fp_dec_real &rArr; _fp_digits &rArr; _btod_etento &rArr; _btod_emul &rArr; _e2e
</UL>
<BR>[Calls]<UL><LI><a href="#[a0]">&gt;&gt;</a>&nbsp;&nbsp;&nbsp;_printf_fp_dec
</UL>

<P><STRONG><a name="[a1]"></a>_printf_e</STRONG> (Thumb, 0 bytes, Stack size unknown bytes, C:\Keil_v5\ARM\ARMCC\Bin\..\lib\armlib\c_w.l(_printf_e.o)(.ARM.Collect$$_printf_percent$$00000004))
<BR><BR>[Stack]<UL><LI>Max Depth = 324 + Unknown Stack Size
<LI>Call Chain = _printf_e &rArr; _printf_fp_dec &rArr; _printf_fp_dec_real &rArr; _fp_digits &rArr; _btod_etento &rArr; _btod_emul &rArr; _e2e
</UL>
<BR>[Calls]<UL><LI><a href="#[a0]">&gt;&gt;</a>&nbsp;&nbsp;&nbsp;_printf_fp_dec
</UL>

<P><STRONG><a name="[a2]"></a>_printf_g</STRONG> (Thumb, 0 bytes, Stack size unknown bytes, C:\Keil_v5\ARM\ARMCC\Bin\..\lib\armlib\c_w.l(_printf_g.o)(.ARM.Collect$$_printf_percent$$00000005))
<BR><BR>[Stack]<UL><LI>Max Depth = 324 + Unknown Stack Size
<LI>Call Chain = _printf_g &rArr; _printf_fp_dec &rArr; _printf_fp_dec_real &rArr; _fp_digits &rArr; _btod_etento &rArr; _btod_emul &rArr; _e2e
</UL>
<BR>[Calls]<UL><LI><a href="#[a0]">&gt;&gt;</a>&nbsp;&nbsp;&nbsp;_printf_fp_dec
</UL>

<P><STRONG><a name="[a3]"></a>_printf_a</STRONG> (Thumb, 0 bytes, Stack size unknown bytes, C:\Keil_v5\ARM\ARMCC\Bin\..\lib\armlib\c_w.l(_printf_a.o)(.ARM.Collect$$_printf_percent$$00000006))
<BR><BR>[Stack]<UL><LI>Max Depth = 112 + Unknown Stack Size
<LI>Call Chain = _printf_a &rArr; _printf_fp_hex &rArr; _printf_fp_hex_real &rArr; _printf_fp_infnan &rArr; _printf_post_padding
</UL>
<BR>[Calls]<UL><LI><a href="#[a4]">&gt;&gt;</a>&nbsp;&nbsp;&nbsp;_printf_fp_hex
</UL>

<P><STRONG><a name="[1a2]"></a>_printf_ll</STRONG> (Thumb, 0 bytes, Stack size unknown bytes, C:\Keil_v5\ARM\ARMCC\Bin\..\lib\armlib\c_w.l(_printf_ll.o)(.ARM.Collect$$_printf_percent$$00000007))

<P><STRONG><a name="[a5]"></a>_printf_i</STRONG> (Thumb, 0 bytes, Stack size unknown bytes, C:\Keil_v5\ARM\ARMCC\Bin\..\lib\armlib\c_w.l(_printf_i.o)(.ARM.Collect$$_printf_percent$$00000008))
<BR><BR>[Stack]<UL><LI>Max Depth = 72 + Unknown Stack Size
<LI>Call Chain = _printf_i &rArr; _printf_int_dec &rArr; _printf_int_common &rArr; _printf_post_padding
</UL>
<BR>[Calls]<UL><LI><a href="#[a6]">&gt;&gt;</a>&nbsp;&nbsp;&nbsp;_printf_int_dec
</UL>

<P><STRONG><a name="[a7]"></a>_printf_d</STRONG> (Thumb, 0 bytes, Stack size unknown bytes, C:\Keil_v5\ARM\ARMCC\Bin\..\lib\armlib\c_w.l(_printf_d.o)(.ARM.Collect$$_printf_percent$$00000009))
<BR><BR>[Stack]<UL><LI>Max Depth = 72 + Unknown Stack Size
<LI>Call Chain = _printf_d &rArr; _printf_int_dec &rArr; _printf_int_common &rArr; _printf_post_padding
</UL>
<BR>[Calls]<UL><LI><a href="#[a6]">&gt;&gt;</a>&nbsp;&nbsp;&nbsp;_printf_int_dec
</UL>

<P><STRONG><a name="[a8]"></a>_printf_u</STRONG> (Thumb, 0 bytes, Stack size unknown bytes, C:\Keil_v5\ARM\ARMCC\Bin\..\lib\armlib\c_w.l(_printf_u.o)(.ARM.Collect$$_printf_percent$$0000000A))
<BR><BR>[Stack]<UL><LI>Max Depth = 72 + Unknown Stack Size
<LI>Call Chain = _printf_u &rArr; _printf_int_dec &rArr; _printf_int_common &rArr; _printf_post_padding
</UL>
<BR>[Calls]<UL><LI><a href="#[a6]">&gt;&gt;</a>&nbsp;&nbsp;&nbsp;_printf_int_dec
</UL>

<P><STRONG><a name="[a9]"></a>_printf_o</STRONG> (Thumb, 0 bytes, Stack size unknown bytes, C:\Keil_v5\ARM\ARMCC\Bin\..\lib\armlib\c_w.l(_printf_o.o)(.ARM.Collect$$_printf_percent$$0000000B))
<BR><BR>[Stack]<UL><LI>Max Depth = 64 + Unknown Stack Size
<LI>Call Chain = _printf_o &rArr; _printf_int_oct &rArr; _printf_longlong_oct &rArr; _printf_int_common &rArr; _printf_post_padding
</UL>
<BR>[Calls]<UL><LI><a href="#[aa]">&gt;&gt;</a>&nbsp;&nbsp;&nbsp;_printf_int_oct
</UL>

<P><STRONG><a name="[ab]"></a>_printf_x</STRONG> (Thumb, 0 bytes, Stack size unknown bytes, C:\Keil_v5\ARM\ARMCC\Bin\..\lib\armlib\c_w.l(_printf_x.o)(.ARM.Collect$$_printf_percent$$0000000C))
<BR><BR>[Stack]<UL><LI>Max Depth = 80 + Unknown Stack Size
<LI>Call Chain = _printf_x &rArr; _printf_int_hex &rArr; _printf_longlong_hex &rArr; _printf_int_common &rArr; _printf_post_padding
</UL>
<BR>[Calls]<UL><LI><a href="#[ac]">&gt;&gt;</a>&nbsp;&nbsp;&nbsp;_printf_int_hex
</UL>

<P><STRONG><a name="[ad]"></a>_printf_lli</STRONG> (Thumb, 0 bytes, Stack size unknown bytes, C:\Keil_v5\ARM\ARMCC\Bin\..\lib\armlib\c_w.l(_printf_lli.o)(.ARM.Collect$$_printf_percent$$0000000D))
<BR><BR>[Stack]<UL><LI>Max Depth = 72 + Unknown Stack Size
<LI>Call Chain = _printf_lli &rArr; _printf_longlong_dec &rArr; _printf_int_common &rArr; _printf_post_padding
</UL>
<BR>[Calls]<UL><LI><a href="#[ae]">&gt;&gt;</a>&nbsp;&nbsp;&nbsp;_printf_longlong_dec
</UL>

<P><STRONG><a name="[af]"></a>_printf_lld</STRONG> (Thumb, 0 bytes, Stack size unknown bytes, C:\Keil_v5\ARM\ARMCC\Bin\..\lib\armlib\c_w.l(_printf_lld.o)(.ARM.Collect$$_printf_percent$$0000000E))
<BR><BR>[Stack]<UL><LI>Max Depth = 72 + Unknown Stack Size
<LI>Call Chain = _printf_lld &rArr; _printf_longlong_dec &rArr; _printf_int_common &rArr; _printf_post_padding
</UL>
<BR>[Calls]<UL><LI><a href="#[ae]">&gt;&gt;</a>&nbsp;&nbsp;&nbsp;_printf_longlong_dec
</UL>

<P><STRONG><a name="[b0]"></a>_printf_llu</STRONG> (Thumb, 0 bytes, Stack size unknown bytes, C:\Keil_v5\ARM\ARMCC\Bin\..\lib\armlib\c_w.l(_printf_llu.o)(.ARM.Collect$$_printf_percent$$0000000F))
<BR><BR>[Stack]<UL><LI>Max Depth = 72 + Unknown Stack Size
<LI>Call Chain = _printf_llu &rArr; _printf_longlong_dec &rArr; _printf_int_common &rArr; _printf_post_padding
</UL>
<BR>[Calls]<UL><LI><a href="#[ae]">&gt;&gt;</a>&nbsp;&nbsp;&nbsp;_printf_longlong_dec
</UL>

<P><STRONG><a name="[b1]"></a>_printf_llo</STRONG> (Thumb, 0 bytes, Stack size unknown bytes, C:\Keil_v5\ARM\ARMCC\Bin\..\lib\armlib\c_w.l(_printf_llo.o)(.ARM.Collect$$_printf_percent$$00000010))
<BR><BR>[Stack]<UL><LI>Max Depth = 56 + Unknown Stack Size
<LI>Call Chain = _printf_llo &rArr; _printf_ll_oct &rArr; _printf_longlong_oct &rArr; _printf_int_common &rArr; _printf_post_padding
</UL>
<BR>[Calls]<UL><LI><a href="#[b2]">&gt;&gt;</a>&nbsp;&nbsp;&nbsp;_printf_ll_oct
</UL>

<P><STRONG><a name="[b3]"></a>_printf_llx</STRONG> (Thumb, 0 bytes, Stack size unknown bytes, C:\Keil_v5\ARM\ARMCC\Bin\..\lib\armlib\c_w.l(_printf_llx.o)(.ARM.Collect$$_printf_percent$$00000011))
<BR><BR>[Stack]<UL><LI>Max Depth = 64 + Unknown Stack Size
<LI>Call Chain = _printf_llx &rArr; _printf_ll_hex &rArr; _printf_longlong_hex &rArr; _printf_int_common &rArr; _printf_post_padding
</UL>
<BR>[Calls]<UL><LI><a href="#[b4]">&gt;&gt;</a>&nbsp;&nbsp;&nbsp;_printf_ll_hex
</UL>

<P><STRONG><a name="[1a3]"></a>_printf_l</STRONG> (Thumb, 0 bytes, Stack size unknown bytes, C:\Keil_v5\ARM\ARMCC\Bin\..\lib\armlib\c_w.l(_printf_l.o)(.ARM.Collect$$_printf_percent$$00000012))

<P><STRONG><a name="[b5]"></a>_printf_c</STRONG> (Thumb, 0 bytes, Stack size unknown bytes, C:\Keil_v5\ARM\ARMCC\Bin\..\lib\armlib\c_w.l(_printf_c.o)(.ARM.Collect$$_printf_percent$$00000013))
<BR><BR>[Stack]<UL><LI>Max Depth = 40 + Unknown Stack Size
<LI>Call Chain = _printf_c &rArr; _printf_char &rArr; _printf_cs_common &rArr; _printf_str &rArr; _printf_post_padding
</UL>
<BR>[Calls]<UL><LI><a href="#[b6]">&gt;&gt;</a>&nbsp;&nbsp;&nbsp;_printf_char
</UL>

<P><STRONG><a name="[b7]"></a>_printf_s</STRONG> (Thumb, 0 bytes, Stack size unknown bytes, C:\Keil_v5\ARM\ARMCC\Bin\..\lib\armlib\c_w.l(_printf_s.o)(.ARM.Collect$$_printf_percent$$00000014))
<BR><BR>[Stack]<UL><LI>Max Depth = 40 + Unknown Stack Size
<LI>Call Chain = _printf_s &rArr; _printf_string &rArr; _printf_cs_common &rArr; _printf_str &rArr; _printf_post_padding
</UL>
<BR>[Calls]<UL><LI><a href="#[b8]">&gt;&gt;</a>&nbsp;&nbsp;&nbsp;_printf_string
</UL>

<P><STRONG><a name="[b9]"></a>_printf_lc</STRONG> (Thumb, 0 bytes, Stack size unknown bytes, C:\Keil_v5\ARM\ARMCC\Bin\..\lib\armlib\c_w.l(_printf_lc.o)(.ARM.Collect$$_printf_percent$$00000015))
<BR><BR>[Stack]<UL><LI>Max Depth = 88 + Unknown Stack Size
<LI>Call Chain = _printf_lc &rArr; _printf_wchar &rArr; _printf_lcs_common &rArr; _printf_wctomb &rArr; _wcrtomb &rArr; __rt_ctype_table
</UL>
<BR>[Calls]<UL><LI><a href="#[ba]">&gt;&gt;</a>&nbsp;&nbsp;&nbsp;_printf_wchar
</UL>

<P><STRONG><a name="[bb]"></a>_printf_ls</STRONG> (Thumb, 0 bytes, Stack size unknown bytes, C:\Keil_v5\ARM\ARMCC\Bin\..\lib\armlib\c_w.l(_printf_ls.o)(.ARM.Collect$$_printf_percent$$00000016))
<BR><BR>[Stack]<UL><LI>Max Depth = 88 + Unknown Stack Size
<LI>Call Chain = _printf_ls &rArr; _printf_wstring &rArr; _printf_lcs_common &rArr; _printf_wctomb &rArr; _wcrtomb &rArr; __rt_ctype_table
</UL>
<BR>[Calls]<UL><LI><a href="#[bc]">&gt;&gt;</a>&nbsp;&nbsp;&nbsp;_printf_wstring
</UL>

<P><STRONG><a name="[1a4]"></a>_printf_percent_end</STRONG> (Thumb, 0 bytes, Stack size unknown bytes, C:\Keil_v5\ARM\ARMCC\Bin\..\lib\armlib\c_w.l(_printf_percent_end.o)(.ARM.Collect$$_printf_percent$$00000017))

<P><STRONG><a name="[ce]"></a>__rt_lib_init</STRONG> (Thumb, 0 bytes, Stack size unknown bytes, C:\Keil_v5\ARM\ARMCC\Bin\..\lib\armlib\c_w.l(libinit.o)(.ARM.Collect$$libinit$$00000000))
<BR><BR>[Called By]<UL><LI><a href="#[cd]">&gt;&gt;</a>&nbsp;&nbsp;&nbsp;__rt_entry_li
</UL>

<P><STRONG><a name="[bd]"></a>__rt_lib_init_fp_1</STRONG> (Thumb, 0 bytes, Stack size unknown bytes, C:\Keil_v5\ARM\ARMCC\Bin\..\lib\armlib\c_w.l(libinit2.o)(.ARM.Collect$$libinit$$00000001))
<BR><BR>[Calls]<UL><LI><a href="#[be]">&gt;&gt;</a>&nbsp;&nbsp;&nbsp;_fp_init
</UL>

<P><STRONG><a name="[bf]"></a>__rt_lib_init_heap_2</STRONG> (Thumb, 0 bytes, Stack size unknown bytes, C:\Keil_v5\ARM\ARMCC\Bin\..\lib\armlib\c_w.l(libinit2.o)(.ARM.Collect$$libinit$$00000005))
<BR><BR>[Stack]<UL><LI>Max Depth = 64 + Unknown Stack Size
<LI>Call Chain = __rt_lib_init_heap_2 &rArr; _init_alloc &rArr; __rt_SIGRTMEM &rArr; __rt_SIGRTMEM_inner &rArr; __default_signal_display &rArr; _ttywrch
</UL>
<BR>[Calls]<UL><LI><a href="#[c0]">&gt;&gt;</a>&nbsp;&nbsp;&nbsp;_init_alloc
</UL>

<P><STRONG><a name="[1a5]"></a>__rt_lib_init_preinit_1</STRONG> (Thumb, 0 bytes, Stack size unknown bytes, C:\Keil_v5\ARM\ARMCC\Bin\..\lib\armlib\c_w.l(libinit2.o)(.ARM.Collect$$libinit$$00000004))

<P><STRONG><a name="[1a6]"></a>__rt_lib_init_heap_1</STRONG> (Thumb, 0 bytes, Stack size unknown bytes, C:\Keil_v5\ARM\ARMCC\Bin\..\lib\armlib\c_w.l(libinit2.o)(.ARM.Collect$$libinit$$0000000A))

<P><STRONG><a name="[c1]"></a>__rt_lib_init_lc_common</STRONG> (Thumb, 0 bytes, Stack size unknown bytes, C:\Keil_v5\ARM\ARMCC\Bin\..\lib\armlib\c_w.l(libinit2.o)(.ARM.Collect$$libinit$$0000000F))
<BR><BR>[Calls]<UL><LI><a href="#[c2]">&gt;&gt;</a>&nbsp;&nbsp;&nbsp;__rt_locale
</UL>

<P><STRONG><a name="[1a7]"></a>__rt_lib_init_rand_1</STRONG> (Thumb, 0 bytes, Stack size unknown bytes, C:\Keil_v5\ARM\ARMCC\Bin\..\lib\armlib\c_w.l(libinit2.o)(.ARM.Collect$$libinit$$0000000E))

<P><STRONG><a name="[1a8]"></a>__rt_lib_init_user_alloc_1</STRONG> (Thumb, 0 bytes, Stack size unknown bytes, C:\Keil_v5\ARM\ARMCC\Bin\..\lib\armlib\c_w.l(libinit2.o)(.ARM.Collect$$libinit$$0000000C))

<P><STRONG><a name="[1a9]"></a>__rt_lib_init_lc_collate_1</STRONG> (Thumb, 0 bytes, Stack size unknown bytes, C:\Keil_v5\ARM\ARMCC\Bin\..\lib\armlib\c_w.l(libinit2.o)(.ARM.Collect$$libinit$$00000011))

<P><STRONG><a name="[c3]"></a>__rt_lib_init_lc_ctype_2</STRONG> (Thumb, 0 bytes, Stack size unknown bytes, C:\Keil_v5\ARM\ARMCC\Bin\..\lib\armlib\c_w.l(libinit2.o)(.ARM.Collect$$libinit$$00000012))
<BR><BR>[Stack]<UL><LI>Max Depth = 8 + Unknown Stack Size
<LI>Call Chain = __rt_lib_init_lc_ctype_2 &rArr; _get_lc_ctype
</UL>
<BR>[Calls]<UL><LI><a href="#[7b]">&gt;&gt;</a>&nbsp;&nbsp;&nbsp;_get_lc_ctype
</UL>

<P><STRONG><a name="[1aa]"></a>__rt_lib_init_lc_ctype_1</STRONG> (Thumb, 0 bytes, Stack size unknown bytes, C:\Keil_v5\ARM\ARMCC\Bin\..\lib\armlib\c_w.l(libinit2.o)(.ARM.Collect$$libinit$$00000013))

<P><STRONG><a name="[1ab]"></a>__rt_lib_init_lc_monetary_1</STRONG> (Thumb, 0 bytes, Stack size unknown bytes, C:\Keil_v5\ARM\ARMCC\Bin\..\lib\armlib\c_w.l(libinit2.o)(.ARM.Collect$$libinit$$00000015))

<P><STRONG><a name="[c4]"></a>__rt_lib_init_lc_numeric_2</STRONG> (Thumb, 0 bytes, Stack size unknown bytes, C:\Keil_v5\ARM\ARMCC\Bin\..\lib\armlib\c_w.l(libinit2.o)(.ARM.Collect$$libinit$$00000016))
<BR><BR>[Stack]<UL><LI>Max Depth = 8 + Unknown Stack Size
<LI>Call Chain = __rt_lib_init_lc_numeric_2 &rArr; _get_lc_numeric
</UL>
<BR>[Calls]<UL><LI><a href="#[c5]">&gt;&gt;</a>&nbsp;&nbsp;&nbsp;_get_lc_numeric
</UL>

<P><STRONG><a name="[1ac]"></a>__rt_lib_init_atexit_1</STRONG> (Thumb, 0 bytes, Stack size unknown bytes, C:\Keil_v5\ARM\ARMCC\Bin\..\lib\armlib\c_w.l(libinit2.o)(.ARM.Collect$$libinit$$0000001B))

<P><STRONG><a name="[1ad]"></a>__rt_lib_init_clock_1</STRONG> (Thumb, 0 bytes, Stack size unknown bytes, C:\Keil_v5\ARM\ARMCC\Bin\..\lib\armlib\c_w.l(libinit2.o)(.ARM.Collect$$libinit$$00000021))

<P><STRONG><a name="[1ae]"></a>__rt_lib_init_fp_trap_1</STRONG> (Thumb, 0 bytes, Stack size unknown bytes, C:\Keil_v5\ARM\ARMCC\Bin\..\lib\armlib\c_w.l(libinit2.o)(.ARM.Collect$$libinit$$0000001F))

<P><STRONG><a name="[1af]"></a>__rt_lib_init_getenv_1</STRONG> (Thumb, 0 bytes, Stack size unknown bytes, C:\Keil_v5\ARM\ARMCC\Bin\..\lib\armlib\c_w.l(libinit2.o)(.ARM.Collect$$libinit$$00000023))

<P><STRONG><a name="[1b0]"></a>__rt_lib_init_lc_numeric_1</STRONG> (Thumb, 0 bytes, Stack size unknown bytes, C:\Keil_v5\ARM\ARMCC\Bin\..\lib\armlib\c_w.l(libinit2.o)(.ARM.Collect$$libinit$$00000017))

<P><STRONG><a name="[1b1]"></a>__rt_lib_init_lc_time_1</STRONG> (Thumb, 0 bytes, Stack size unknown bytes, C:\Keil_v5\ARM\ARMCC\Bin\..\lib\armlib\c_w.l(libinit2.o)(.ARM.Collect$$libinit$$00000019))

<P><STRONG><a name="[1b2]"></a>__rt_lib_init_signal_1</STRONG> (Thumb, 0 bytes, Stack size unknown bytes, C:\Keil_v5\ARM\ARMCC\Bin\..\lib\armlib\c_w.l(libinit2.o)(.ARM.Collect$$libinit$$0000001D))

<P><STRONG><a name="[c6]"></a>__rt_lib_init_stdio_2</STRONG> (Thumb, 0 bytes, Stack size unknown bytes, C:\Keil_v5\ARM\ARMCC\Bin\..\lib\armlib\c_w.l(libinit2.o)(.ARM.Collect$$libinit$$00000024))
<BR><BR>[Stack]<UL><LI>Max Depth = 760 + Unknown Stack Size
<LI>Call Chain = __rt_lib_init_stdio_2 &rArr; _initio &rArr; freopen &rArr; _fclose_internal &rArr; _fflush &rArr; _writebuf &rArr; _sys_write &rArr; get_fhc(int) &rArr; __cxa_guard_release &rArr; mbed_assert_internal &rArr;  mbed_die (Cycle)
</UL>
<BR>[Calls]<UL><LI><a href="#[c7]">&gt;&gt;</a>&nbsp;&nbsp;&nbsp;_initio
</UL>

<P><STRONG><a name="[1b3]"></a>__rt_lib_init_alloca_1</STRONG> (Thumb, 0 bytes, Stack size unknown bytes, C:\Keil_v5\ARM\ARMCC\Bin\..\lib\armlib\c_w.l(libinit2.o)(.ARM.Collect$$libinit$$0000002E))

<P><STRONG><a name="[1b4]"></a>__rt_lib_init_argv_1</STRONG> (Thumb, 0 bytes, Stack size unknown bytes, C:\Keil_v5\ARM\ARMCC\Bin\..\lib\armlib\c_w.l(libinit2.o)(.ARM.Collect$$libinit$$0000002C))

<P><STRONG><a name="[c8]"></a>__rt_lib_init_cpp_2</STRONG> (Thumb, 0 bytes, Stack size unknown bytes, C:\Keil_v5\ARM\ARMCC\Bin\..\lib\armlib\c_w.l(libinit2.o)(.ARM.Collect$$libinit$$00000031))
<BR><BR>[Stack]<UL><LI>Max Depth = 16 + Unknown Stack Size
<LI>Call Chain = __rt_lib_init_cpp_2 &rArr; __cpp_initialize__aeabi_
</UL>
<BR>[Calls]<UL><LI><a href="#[96]">&gt;&gt;</a>&nbsp;&nbsp;&nbsp;__cpp_initialize__aeabi_
</UL>

<P><STRONG><a name="[1b5]"></a>__rt_lib_init_exceptions_1</STRONG> (Thumb, 0 bytes, Stack size unknown bytes, C:\Keil_v5\ARM\ARMCC\Bin\..\lib\armlib\c_w.l(libinit2.o)(.ARM.Collect$$libinit$$00000030))

<P><STRONG><a name="[1b6]"></a>__rt_lib_init_stdio_1</STRONG> (Thumb, 0 bytes, Stack size unknown bytes, C:\Keil_v5\ARM\ARMCC\Bin\..\lib\armlib\c_w.l(libinit2.o)(.ARM.Collect$$libinit$$00000025))

<P><STRONG><a name="[1b7]"></a>__rt_lib_init_cpp_1</STRONG> (Thumb, 0 bytes, Stack size unknown bytes, C:\Keil_v5\ARM\ARMCC\Bin\..\lib\armlib\c_w.l(libinit2.o)(.ARM.Collect$$libinit$$00000032))

<P><STRONG><a name="[1b8]"></a>__rt_lib_init_return</STRONG> (Thumb, 0 bytes, Stack size unknown bytes, C:\Keil_v5\ARM\ARMCC\Bin\..\lib\armlib\c_w.l(libinit2.o)(.ARM.Collect$$libinit$$00000033))

<P><STRONG><a name="[98]"></a>__rt_entry</STRONG> (Thumb, 0 bytes, Stack size unknown bytes, C:\Keil_v5\ARM\ARMCC\Bin\..\lib\armlib\c_w.l(__rtentry.o)(.ARM.Collect$$rtentry$$00000000))
<BR><BR>[Called By]<UL><LI><a href="#[95]">&gt;&gt;</a>&nbsp;&nbsp;&nbsp;__main
<LI><a href="#[99]">&gt;&gt;</a>&nbsp;&nbsp;&nbsp;__scatterload_rt2
</UL>

<P><STRONG><a name="[1b9]"></a>__rt_entry_presh_1</STRONG> (Thumb, 0 bytes, Stack size unknown bytes, C:\Keil_v5\ARM\ARMCC\Bin\..\lib\armlib\c_w.l(__rtentry2.o)(.ARM.Collect$$rtentry$$00000002))

<P><STRONG><a name="[c9]"></a>__rt_entry_sh</STRONG> (Thumb, 0 bytes, Stack size unknown bytes, C:\Keil_v5\ARM\ARMCC\Bin\..\lib\armlib\c_w.l(__rtentry4.o)(.ARM.Collect$$rtentry$$00000004))
<BR><BR>[Stack]<UL><LI>Max Depth = 8 + Unknown Stack Size
<LI>Call Chain = __rt_entry_sh &rArr; __user_setup_stackheap
</UL>
<BR>[Calls]<UL><LI><a href="#[ca]">&gt;&gt;</a>&nbsp;&nbsp;&nbsp;__user_setup_stackheap
</UL>

<P><STRONG><a name="[1ba]"></a>__rt_lib_shutdown_stdio_2</STRONG> (Thumb, 0 bytes, Stack size unknown bytes, C:\Keil_v5\ARM\ARMCC\Bin\..\lib\armlib\c_w.l(libshutdown2.o)(.ARM.Collect$$libshutdown$$00000004))

<P><STRONG><a name="[cb]"></a>__rt_entry_postsh_1</STRONG> (Thumb, 0 bytes, Stack size unknown bytes, C:\Keil_v5\ARM\ARMCC\Bin\..\lib\armlib\c_w.l(__rtentry2.o)(.ARM.Collect$$rtentry$$00000008))
<BR><BR>[Stack]<UL><LI>Max Depth = 816 + Unknown Stack Size
<LI>Call Chain = __rt_entry_postsh_1 &rArr; _platform_post_stackheap_init &rArr; mbed_sdk_init &rArr; SetSysClock &rArr; HAL_RCC_OscConfig &rArr; HAL_GetTick &rArr; ticker_read_us &rArr; initialize &rArr; mbed_assert_internal &rArr;  mbed_die (Cycle)
</UL>
<BR>[Calls]<UL><LI><a href="#[cc]">&gt;&gt;</a>&nbsp;&nbsp;&nbsp;_platform_post_stackheap_init
</UL>

<P><STRONG><a name="[cd]"></a>__rt_entry_li</STRONG> (Thumb, 0 bytes, Stack size unknown bytes, C:\Keil_v5\ARM\ARMCC\Bin\..\lib\armlib\c_w.l(__rtentry2.o)(.ARM.Collect$$rtentry$$0000000A))
<BR><BR>[Calls]<UL><LI><a href="#[ce]">&gt;&gt;</a>&nbsp;&nbsp;&nbsp;__rt_lib_init
</UL>

<P><STRONG><a name="[cf]"></a>__rt_entry_main</STRONG> (Thumb, 0 bytes, Stack size unknown bytes, C:\Keil_v5\ARM\ARMCC\Bin\..\lib\armlib\c_w.l(__rtentry2.o)(.ARM.Collect$$rtentry$$0000000D))
<BR><BR>[Stack]<UL><LI>Max Depth = 776 + Unknown Stack Size
<LI>Call Chain = __rt_entry_main &rArr; main &rArr; $Super$$main &rArr; analogin_read &rArr; adc_read &rArr; HAL_ADC_PollForConversion &rArr; HAL_GetTick &rArr; ticker_read_us &rArr; initialize &rArr; mbed_assert_internal &rArr;  mbed_die (Cycle)
</UL>
<BR>[Calls]<UL><LI><a href="#[d1]">&gt;&gt;</a>&nbsp;&nbsp;&nbsp;exit
<LI><a href="#[d0]">&gt;&gt;</a>&nbsp;&nbsp;&nbsp;main
</UL>

<P><STRONG><a name="[1bb]"></a>__rt_entry_postli_1</STRONG> (Thumb, 0 bytes, Stack size unknown bytes, C:\Keil_v5\ARM\ARMCC\Bin\..\lib\armlib\c_w.l(__rtentry2.o)(.ARM.Collect$$rtentry$$0000000C))

<P><STRONG><a name="[10]"></a>Reset_Handler</STRONG> (Thumb, 16 bytes, Stack size 0 bytes, mbed/TARGET_NUCLEO_F429ZI/TOOLCHAIN_ARM_STD/startup_stm32f429xx.o(.text))
<BR>[Address Reference Count : 1]<UL><LI> startup_stm32f429xx.o(RESET)
</UL>
<P><STRONG><a name="[1bc]"></a>_maybe_terminate_alloc</STRONG> (Thumb, 0 bytes, Stack size 0 bytes, C:\Keil_v5\ARM\ARMCC\Bin\..\lib\armlib\c_w.l(maybetermalloc1.o)(.emb_text), UNUSED)

<P><STRONG><a name="[11]"></a>NMI_Handler</STRONG> (Thumb, 2 bytes, Stack size 0 bytes, mbed/TARGET_NUCLEO_F429ZI/TOOLCHAIN_ARM_STD/startup_stm32f429xx.o(.text))
<BR><BR>[Calls]<UL><LI><a href="#[11]">&gt;&gt;</a>&nbsp;&nbsp;&nbsp;NMI_Handler
</UL>
<BR>[Called By]<UL><LI><a href="#[11]">&gt;&gt;</a>&nbsp;&nbsp;&nbsp;NMI_Handler
</UL>
<BR>[Address Reference Count : 1]<UL><LI> startup_stm32f429xx.o(RESET)
</UL>
<P><STRONG><a name="[12]"></a>HardFault_Handler</STRONG> (Thumb, 2 bytes, Stack size 0 bytes, mbed/TARGET_NUCLEO_F429ZI/TOOLCHAIN_ARM_STD/startup_stm32f429xx.o(.text))
<BR><BR>[Calls]<UL><LI><a href="#[12]">&gt;&gt;</a>&nbsp;&nbsp;&nbsp;HardFault_Handler
</UL>
<BR>[Called By]<UL><LI><a href="#[12]">&gt;&gt;</a>&nbsp;&nbsp;&nbsp;HardFault_Handler
</UL>
<BR>[Address Reference Count : 1]<UL><LI> startup_stm32f429xx.o(RESET)
</UL>
<P><STRONG><a name="[13]"></a>MemManage_Handler</STRONG> (Thumb, 2 bytes, Stack size 0 bytes, mbed/TARGET_NUCLEO_F429ZI/TOOLCHAIN_ARM_STD/startup_stm32f429xx.o(.text))
<BR><BR>[Calls]<UL><LI><a href="#[13]">&gt;&gt;</a>&nbsp;&nbsp;&nbsp;MemManage_Handler
</UL>
<BR>[Called By]<UL><LI><a href="#[13]">&gt;&gt;</a>&nbsp;&nbsp;&nbsp;MemManage_Handler
</UL>
<BR>[Address Reference Count : 1]<UL><LI> startup_stm32f429xx.o(RESET)
</UL>
<P><STRONG><a name="[14]"></a>BusFault_Handler</STRONG> (Thumb, 2 bytes, Stack size 0 bytes, mbed/TARGET_NUCLEO_F429ZI/TOOLCHAIN_ARM_STD/startup_stm32f429xx.o(.text))
<BR><BR>[Calls]<UL><LI><a href="#[14]">&gt;&gt;</a>&nbsp;&nbsp;&nbsp;BusFault_Handler
</UL>
<BR>[Called By]<UL><LI><a href="#[14]">&gt;&gt;</a>&nbsp;&nbsp;&nbsp;BusFault_Handler
</UL>
<BR>[Address Reference Count : 1]<UL><LI> startup_stm32f429xx.o(RESET)
</UL>
<P><STRONG><a name="[15]"></a>UsageFault_Handler</STRONG> (Thumb, 2 bytes, Stack size 0 bytes, mbed/TARGET_NUCLEO_F429ZI/TOOLCHAIN_ARM_STD/startup_stm32f429xx.o(.text))
<BR><BR>[Calls]<UL><LI><a href="#[15]">&gt;&gt;</a>&nbsp;&nbsp;&nbsp;UsageFault_Handler
</UL>
<BR>[Called By]<UL><LI><a href="#[15]">&gt;&gt;</a>&nbsp;&nbsp;&nbsp;UsageFault_Handler
</UL>
<BR>[Address Reference Count : 1]<UL><LI> startup_stm32f429xx.o(RESET)
</UL>
<P><STRONG><a name="[16]"></a>SVC_Handler</STRONG> (Thumb, 2 bytes, Stack size 0 bytes, mbed/TARGET_NUCLEO_F429ZI/TOOLCHAIN_ARM_STD/startup_stm32f429xx.o(.text))
<BR><BR>[Calls]<UL><LI><a href="#[16]">&gt;&gt;</a>&nbsp;&nbsp;&nbsp;SVC_Handler
</UL>
<BR>[Called By]<UL><LI><a href="#[16]">&gt;&gt;</a>&nbsp;&nbsp;&nbsp;SVC_Handler
</UL>
<BR>[Address Reference Count : 1]<UL><LI> startup_stm32f429xx.o(RESET)
</UL>
<P><STRONG><a name="[17]"></a>DebugMon_Handler</STRONG> (Thumb, 2 bytes, Stack size 0 bytes, mbed/TARGET_NUCLEO_F429ZI/TOOLCHAIN_ARM_STD/startup_stm32f429xx.o(.text))
<BR><BR>[Calls]<UL><LI><a href="#[17]">&gt;&gt;</a>&nbsp;&nbsp;&nbsp;DebugMon_Handler
</UL>
<BR>[Called By]<UL><LI><a href="#[17]">&gt;&gt;</a>&nbsp;&nbsp;&nbsp;DebugMon_Handler
</UL>
<BR>[Address Reference Count : 1]<UL><LI> startup_stm32f429xx.o(RESET)
</UL>
<P><STRONG><a name="[18]"></a>PendSV_Handler</STRONG> (Thumb, 2 bytes, Stack size 0 bytes, mbed/TARGET_NUCLEO_F429ZI/TOOLCHAIN_ARM_STD/startup_stm32f429xx.o(.text))
<BR><BR>[Calls]<UL><LI><a href="#[18]">&gt;&gt;</a>&nbsp;&nbsp;&nbsp;PendSV_Handler
</UL>
<BR>[Called By]<UL><LI><a href="#[18]">&gt;&gt;</a>&nbsp;&nbsp;&nbsp;PendSV_Handler
</UL>
<BR>[Address Reference Count : 1]<UL><LI> startup_stm32f429xx.o(RESET)
</UL>
<P><STRONG><a name="[19]"></a>SysTick_Handler</STRONG> (Thumb, 2 bytes, Stack size 0 bytes, mbed/TARGET_NUCLEO_F429ZI/TOOLCHAIN_ARM_STD/startup_stm32f429xx.o(.text))
<BR><BR>[Calls]<UL><LI><a href="#[19]">&gt;&gt;</a>&nbsp;&nbsp;&nbsp;SysTick_Handler
</UL>
<BR>[Called By]<UL><LI><a href="#[19]">&gt;&gt;</a>&nbsp;&nbsp;&nbsp;SysTick_Handler
</UL>
<BR>[Address Reference Count : 1]<UL><LI> startup_stm32f429xx.o(RESET)
</UL>
<P><STRONG><a name="[2c]"></a>ADC_IRQHandler</STRONG> (Thumb, 0 bytes, Stack size 0 bytes, mbed/TARGET_NUCLEO_F429ZI/TOOLCHAIN_ARM_STD/startup_stm32f429xx.o(.text))
<BR><BR>[Calls]<UL><LI><a href="#[2c]">&gt;&gt;</a>&nbsp;&nbsp;&nbsp;ADC_IRQHandler
</UL>
<BR>[Called By]<UL><LI><a href="#[2c]">&gt;&gt;</a>&nbsp;&nbsp;&nbsp;ADC_IRQHandler
</UL>
<BR>[Address Reference Count : 1]<UL><LI> startup_stm32f429xx.o(RESET)
</UL>
<P><STRONG><a name="[2f]"></a>CAN1_RX1_IRQHandler</STRONG> (Thumb, 0 bytes, Stack size 0 bytes, mbed/TARGET_NUCLEO_F429ZI/TOOLCHAIN_ARM_STD/startup_stm32f429xx.o(.text))
<BR>[Address Reference Count : 1]<UL><LI> startup_stm32f429xx.o(RESET)
</UL>
<P><STRONG><a name="[5b]"></a>CAN2_RX1_IRQHandler</STRONG> (Thumb, 0 bytes, Stack size 0 bytes, mbed/TARGET_NUCLEO_F429ZI/TOOLCHAIN_ARM_STD/startup_stm32f429xx.o(.text))
<BR>[Address Reference Count : 1]<UL><LI> startup_stm32f429xx.o(RESET)
</UL>
<P><STRONG><a name="[68]"></a>DCMI_IRQHandler</STRONG> (Thumb, 0 bytes, Stack size 0 bytes, mbed/TARGET_NUCLEO_F429ZI/TOOLCHAIN_ARM_STD/startup_stm32f429xx.o(.text))
<BR>[Address Reference Count : 1]<UL><LI> startup_stm32f429xx.o(RESET)
</UL>
<P><STRONG><a name="[25]"></a>DMA1_Stream0_IRQHandler</STRONG> (Thumb, 0 bytes, Stack size 0 bytes, mbed/TARGET_NUCLEO_F429ZI/TOOLCHAIN_ARM_STD/startup_stm32f429xx.o(.text))
<BR>[Address Reference Count : 1]<UL><LI> startup_stm32f429xx.o(RESET)
</UL>
<P><STRONG><a name="[26]"></a>DMA1_Stream1_IRQHandler</STRONG> (Thumb, 0 bytes, Stack size 0 bytes, mbed/TARGET_NUCLEO_F429ZI/TOOLCHAIN_ARM_STD/startup_stm32f429xx.o(.text))
<BR>[Address Reference Count : 1]<UL><LI> startup_stm32f429xx.o(RESET)
</UL>
<P><STRONG><a name="[27]"></a>DMA1_Stream2_IRQHandler</STRONG> (Thumb, 0 bytes, Stack size 0 bytes, mbed/TARGET_NUCLEO_F429ZI/TOOLCHAIN_ARM_STD/startup_stm32f429xx.o(.text))
<BR>[Address Reference Count : 1]<UL><LI> startup_stm32f429xx.o(RESET)
</UL>
<P><STRONG><a name="[28]"></a>DMA1_Stream3_IRQHandler</STRONG> (Thumb, 0 bytes, Stack size 0 bytes, mbed/TARGET_NUCLEO_F429ZI/TOOLCHAIN_ARM_STD/startup_stm32f429xx.o(.text))
<BR>[Address Reference Count : 1]<UL><LI> startup_stm32f429xx.o(RESET)
</UL>
<P><STRONG><a name="[29]"></a>DMA1_Stream4_IRQHandler</STRONG> (Thumb, 0 bytes, Stack size 0 bytes, mbed/TARGET_NUCLEO_F429ZI/TOOLCHAIN_ARM_STD/startup_stm32f429xx.o(.text))
<BR>[Address Reference Count : 1]<UL><LI> startup_stm32f429xx.o(RESET)
</UL>
<P><STRONG><a name="[2a]"></a>DMA1_Stream5_IRQHandler</STRONG> (Thumb, 0 bytes, Stack size 0 bytes, mbed/TARGET_NUCLEO_F429ZI/TOOLCHAIN_ARM_STD/startup_stm32f429xx.o(.text))
<BR>[Address Reference Count : 1]<UL><LI> startup_stm32f429xx.o(RESET)
</UL>
<P><STRONG><a name="[2b]"></a>DMA1_Stream6_IRQHandler</STRONG> (Thumb, 0 bytes, Stack size 0 bytes, mbed/TARGET_NUCLEO_F429ZI/TOOLCHAIN_ARM_STD/startup_stm32f429xx.o(.text))
<BR>[Address Reference Count : 1]<UL><LI> startup_stm32f429xx.o(RESET)
</UL>
<P><STRONG><a name="[49]"></a>DMA1_Stream7_IRQHandler</STRONG> (Thumb, 0 bytes, Stack size 0 bytes, mbed/TARGET_NUCLEO_F429ZI/TOOLCHAIN_ARM_STD/startup_stm32f429xx.o(.text))
<BR>[Address Reference Count : 1]<UL><LI> startup_stm32f429xx.o(RESET)
</UL>
<P><STRONG><a name="[73]"></a>DMA2D_IRQHandler</STRONG> (Thumb, 0 bytes, Stack size 0 bytes, mbed/TARGET_NUCLEO_F429ZI/TOOLCHAIN_ARM_STD/startup_stm32f429xx.o(.text))
<BR>[Address Reference Count : 1]<UL><LI> startup_stm32f429xx.o(RESET)
</UL>
<P><STRONG><a name="[52]"></a>DMA2_Stream0_IRQHandler</STRONG> (Thumb, 0 bytes, Stack size 0 bytes, mbed/TARGET_NUCLEO_F429ZI/TOOLCHAIN_ARM_STD/startup_stm32f429xx.o(.text))
<BR>[Address Reference Count : 1]<UL><LI> startup_stm32f429xx.o(RESET)
</UL>
<P><STRONG><a name="[53]"></a>DMA2_Stream1_IRQHandler</STRONG> (Thumb, 0 bytes, Stack size 0 bytes, mbed/TARGET_NUCLEO_F429ZI/TOOLCHAIN_ARM_STD/startup_stm32f429xx.o(.text))
<BR>[Address Reference Count : 1]<UL><LI> startup_stm32f429xx.o(RESET)
</UL>
<P><STRONG><a name="[54]"></a>DMA2_Stream2_IRQHandler</STRONG> (Thumb, 0 bytes, Stack size 0 bytes, mbed/TARGET_NUCLEO_F429ZI/TOOLCHAIN_ARM_STD/startup_stm32f429xx.o(.text))
<BR>[Address Reference Count : 1]<UL><LI> startup_stm32f429xx.o(RESET)
</UL>
<P><STRONG><a name="[55]"></a>DMA2_Stream3_IRQHandler</STRONG> (Thumb, 0 bytes, Stack size 0 bytes, mbed/TARGET_NUCLEO_F429ZI/TOOLCHAIN_ARM_STD/startup_stm32f429xx.o(.text))
<BR>[Address Reference Count : 1]<UL><LI> startup_stm32f429xx.o(RESET)
</UL>
<P><STRONG><a name="[56]"></a>DMA2_Stream4_IRQHandler</STRONG> (Thumb, 0 bytes, Stack size 0 bytes, mbed/TARGET_NUCLEO_F429ZI/TOOLCHAIN_ARM_STD/startup_stm32f429xx.o(.text))
<BR>[Address Reference Count : 1]<UL><LI> startup_stm32f429xx.o(RESET)
</UL>
<P><STRONG><a name="[5e]"></a>DMA2_Stream5_IRQHandler</STRONG> (Thumb, 0 bytes, Stack size 0 bytes, mbed/TARGET_NUCLEO_F429ZI/TOOLCHAIN_ARM_STD/startup_stm32f429xx.o(.text))
<BR>[Address Reference Count : 1]<UL><LI> startup_stm32f429xx.o(RESET)
</UL>
<P><STRONG><a name="[5f]"></a>DMA2_Stream6_IRQHandler</STRONG> (Thumb, 0 bytes, Stack size 0 bytes, mbed/TARGET_NUCLEO_F429ZI/TOOLCHAIN_ARM_STD/startup_stm32f429xx.o(.text))
<BR>[Address Reference Count : 1]<UL><LI> startup_stm32f429xx.o(RESET)
</UL>
<P><STRONG><a name="[60]"></a>DMA2_Stream7_IRQHandler</STRONG> (Thumb, 0 bytes, Stack size 0 bytes, mbed/TARGET_NUCLEO_F429ZI/TOOLCHAIN_ARM_STD/startup_stm32f429xx.o(.text))
<BR>[Address Reference Count : 1]<UL><LI> startup_stm32f429xx.o(RESET)
</UL>
<P><STRONG><a name="[57]"></a>ETH_IRQHandler</STRONG> (Thumb, 0 bytes, Stack size 0 bytes, mbed/TARGET_NUCLEO_F429ZI/TOOLCHAIN_ARM_STD/startup_stm32f429xx.o(.text))
<BR>[Address Reference Count : 1]<UL><LI> startup_stm32f429xx.o(RESET)
</UL>
<P><STRONG><a name="[58]"></a>ETH_WKUP_IRQHandler</STRONG> (Thumb, 0 bytes, Stack size 0 bytes, mbed/TARGET_NUCLEO_F429ZI/TOOLCHAIN_ARM_STD/startup_stm32f429xx.o(.text))
<BR>[Address Reference Count : 1]<UL><LI> startup_stm32f429xx.o(RESET)
</UL>
<P><STRONG><a name="[20]"></a>EXTI0_IRQHandler</STRONG> (Thumb, 0 bytes, Stack size 0 bytes, mbed/TARGET_NUCLEO_F429ZI/TOOLCHAIN_ARM_STD/startup_stm32f429xx.o(.text))
<BR>[Address Reference Count : 1]<UL><LI> startup_stm32f429xx.o(RESET)
</UL>
<P><STRONG><a name="[42]"></a>EXTI15_10_IRQHandler</STRONG> (Thumb, 0 bytes, Stack size 0 bytes, mbed/TARGET_NUCLEO_F429ZI/TOOLCHAIN_ARM_STD/startup_stm32f429xx.o(.text))
<BR>[Address Reference Count : 1]<UL><LI> startup_stm32f429xx.o(RESET)
</UL>
<P><STRONG><a name="[21]"></a>EXTI1_IRQHandler</STRONG> (Thumb, 0 bytes, Stack size 0 bytes, mbed/TARGET_NUCLEO_F429ZI/TOOLCHAIN_ARM_STD/startup_stm32f429xx.o(.text))
<BR>[Address Reference Count : 1]<UL><LI> startup_stm32f429xx.o(RESET)
</UL>
<P><STRONG><a name="[22]"></a>EXTI2_IRQHandler</STRONG> (Thumb, 0 bytes, Stack size 0 bytes, mbed/TARGET_NUCLEO_F429ZI/TOOLCHAIN_ARM_STD/startup_stm32f429xx.o(.text))
<BR>[Address Reference Count : 1]<UL><LI> startup_stm32f429xx.o(RESET)
</UL>
<P><STRONG><a name="[23]"></a>EXTI3_IRQHandler</STRONG> (Thumb, 0 bytes, Stack size 0 bytes, mbed/TARGET_NUCLEO_F429ZI/TOOLCHAIN_ARM_STD/startup_stm32f429xx.o(.text))
<BR>[Address Reference Count : 1]<UL><LI> startup_stm32f429xx.o(RESET)
</UL>
<P><STRONG><a name="[24]"></a>EXTI4_IRQHandler</STRONG> (Thumb, 0 bytes, Stack size 0 bytes, mbed/TARGET_NUCLEO_F429ZI/TOOLCHAIN_ARM_STD/startup_stm32f429xx.o(.text))
<BR>[Address Reference Count : 1]<UL><LI> startup_stm32f429xx.o(RESET)
</UL>
<P><STRONG><a name="[31]"></a>EXTI9_5_IRQHandler</STRONG> (Thumb, 0 bytes, Stack size 0 bytes, mbed/TARGET_NUCLEO_F429ZI/TOOLCHAIN_ARM_STD/startup_stm32f429xx.o(.text))
<BR>[Address Reference Count : 1]<UL><LI> startup_stm32f429xx.o(RESET)
</UL>
<P><STRONG><a name="[1e]"></a>FLASH_IRQHandler</STRONG> (Thumb, 0 bytes, Stack size 0 bytes, mbed/TARGET_NUCLEO_F429ZI/TOOLCHAIN_ARM_STD/startup_stm32f429xx.o(.text))
<BR>[Address Reference Count : 1]<UL><LI> startup_stm32f429xx.o(RESET)
</UL>
<P><STRONG><a name="[4a]"></a>FMC_IRQHandler</STRONG> (Thumb, 0 bytes, Stack size 0 bytes, mbed/TARGET_NUCLEO_F429ZI/TOOLCHAIN_ARM_STD/startup_stm32f429xx.o(.text))
<BR>[Address Reference Count : 1]<UL><LI> startup_stm32f429xx.o(RESET)
</UL>
<P><STRONG><a name="[6a]"></a>FPU_IRQHandler</STRONG> (Thumb, 0 bytes, Stack size 0 bytes, mbed/TARGET_NUCLEO_F429ZI/TOOLCHAIN_ARM_STD/startup_stm32f429xx.o(.text))
<BR>[Address Reference Count : 1]<UL><LI> startup_stm32f429xx.o(RESET)
</UL>
<P><STRONG><a name="[69]"></a>HASH_RNG_IRQHandler</STRONG> (Thumb, 0 bytes, Stack size 0 bytes, mbed/TARGET_NUCLEO_F429ZI/TOOLCHAIN_ARM_STD/startup_stm32f429xx.o(.text))
<BR>[Address Reference Count : 1]<UL><LI> startup_stm32f429xx.o(RESET)
</UL>
<P><STRONG><a name="[3a]"></a>I2C1_ER_IRQHandler</STRONG> (Thumb, 0 bytes, Stack size 0 bytes, mbed/TARGET_NUCLEO_F429ZI/TOOLCHAIN_ARM_STD/startup_stm32f429xx.o(.text))
<BR>[Address Reference Count : 1]<UL><LI> startup_stm32f429xx.o(RESET)
</UL>
<P><STRONG><a name="[39]"></a>I2C1_EV_IRQHandler</STRONG> (Thumb, 0 bytes, Stack size 0 bytes, mbed/TARGET_NUCLEO_F429ZI/TOOLCHAIN_ARM_STD/startup_stm32f429xx.o(.text))
<BR>[Address Reference Count : 1]<UL><LI> startup_stm32f429xx.o(RESET)
</UL>
<P><STRONG><a name="[3c]"></a>I2C2_ER_IRQHandler</STRONG> (Thumb, 0 bytes, Stack size 0 bytes, mbed/TARGET_NUCLEO_F429ZI/TOOLCHAIN_ARM_STD/startup_stm32f429xx.o(.text))
<BR>[Address Reference Count : 1]<UL><LI> startup_stm32f429xx.o(RESET)
</UL>
<P><STRONG><a name="[3b]"></a>I2C2_EV_IRQHandler</STRONG> (Thumb, 0 bytes, Stack size 0 bytes, mbed/TARGET_NUCLEO_F429ZI/TOOLCHAIN_ARM_STD/startup_stm32f429xx.o(.text))
<BR>[Address Reference Count : 1]<UL><LI> startup_stm32f429xx.o(RESET)
</UL>
<P><STRONG><a name="[63]"></a>I2C3_ER_IRQHandler</STRONG> (Thumb, 0 bytes, Stack size 0 bytes, mbed/TARGET_NUCLEO_F429ZI/TOOLCHAIN_ARM_STD/startup_stm32f429xx.o(.text))
<BR>[Address Reference Count : 1]<UL><LI> startup_stm32f429xx.o(RESET)
</UL>
<P><STRONG><a name="[62]"></a>I2C3_EV_IRQHandler</STRONG> (Thumb, 0 bytes, Stack size 0 bytes, mbed/TARGET_NUCLEO_F429ZI/TOOLCHAIN_ARM_STD/startup_stm32f429xx.o(.text))
<BR>[Address Reference Count : 1]<UL><LI> startup_stm32f429xx.o(RESET)
</UL>
<P><STRONG><a name="[72]"></a>LTDC_ER_IRQHandler</STRONG> (Thumb, 0 bytes, Stack size 0 bytes, mbed/TARGET_NUCLEO_F429ZI/TOOLCHAIN_ARM_STD/startup_stm32f429xx.o(.text))
<BR>[Address Reference Count : 1]<UL><LI> startup_stm32f429xx.o(RESET)
</UL>
<P><STRONG><a name="[71]"></a>LTDC_IRQHandler</STRONG> (Thumb, 0 bytes, Stack size 0 bytes, mbed/TARGET_NUCLEO_F429ZI/TOOLCHAIN_ARM_STD/startup_stm32f429xx.o(.text))
<BR>[Address Reference Count : 1]<UL><LI> startup_stm32f429xx.o(RESET)
</UL>
<P><STRONG><a name="[5d]"></a>OTG_FS_IRQHandler</STRONG> (Thumb, 0 bytes, Stack size 0 bytes, mbed/TARGET_NUCLEO_F429ZI/TOOLCHAIN_ARM_STD/startup_stm32f429xx.o(.text))
<BR>[Address Reference Count : 1]<UL><LI> startup_stm32f429xx.o(RESET)
</UL>
<P><STRONG><a name="[44]"></a>OTG_FS_WKUP_IRQHandler</STRONG> (Thumb, 0 bytes, Stack size 0 bytes, mbed/TARGET_NUCLEO_F429ZI/TOOLCHAIN_ARM_STD/startup_stm32f429xx.o(.text))
<BR>[Address Reference Count : 1]<UL><LI> startup_stm32f429xx.o(RESET)
</UL>
<P><STRONG><a name="[65]"></a>OTG_HS_EP1_IN_IRQHandler</STRONG> (Thumb, 0 bytes, Stack size 0 bytes, mbed/TARGET_NUCLEO_F429ZI/TOOLCHAIN_ARM_STD/startup_stm32f429xx.o(.text))
<BR>[Address Reference Count : 1]<UL><LI> startup_stm32f429xx.o(RESET)
</UL>
<P><STRONG><a name="[64]"></a>OTG_HS_EP1_OUT_IRQHandler</STRONG> (Thumb, 0 bytes, Stack size 0 bytes, mbed/TARGET_NUCLEO_F429ZI/TOOLCHAIN_ARM_STD/startup_stm32f429xx.o(.text))
<BR>[Address Reference Count : 1]<UL><LI> startup_stm32f429xx.o(RESET)
</UL>
<P><STRONG><a name="[67]"></a>OTG_HS_IRQHandler</STRONG> (Thumb, 0 bytes, Stack size 0 bytes, mbed/TARGET_NUCLEO_F429ZI/TOOLCHAIN_ARM_STD/startup_stm32f429xx.o(.text))
<BR>[Address Reference Count : 1]<UL><LI> startup_stm32f429xx.o(RESET)
</UL>
<P><STRONG><a name="[66]"></a>OTG_HS_WKUP_IRQHandler</STRONG> (Thumb, 0 bytes, Stack size 0 bytes, mbed/TARGET_NUCLEO_F429ZI/TOOLCHAIN_ARM_STD/startup_stm32f429xx.o(.text))
<BR>[Address Reference Count : 1]<UL><LI> startup_stm32f429xx.o(RESET)
</UL>
<P><STRONG><a name="[1b]"></a>PVD_IRQHandler</STRONG> (Thumb, 0 bytes, Stack size 0 bytes, mbed/TARGET_NUCLEO_F429ZI/TOOLCHAIN_ARM_STD/startup_stm32f429xx.o(.text))
<BR>[Address Reference Count : 1]<UL><LI> startup_stm32f429xx.o(RESET)
</UL>
<P><STRONG><a name="[1f]"></a>RCC_IRQHandler</STRONG> (Thumb, 0 bytes, Stack size 0 bytes, mbed/TARGET_NUCLEO_F429ZI/TOOLCHAIN_ARM_STD/startup_stm32f429xx.o(.text))
<BR>[Address Reference Count : 1]<UL><LI> startup_stm32f429xx.o(RESET)
</UL>
<P><STRONG><a name="[43]"></a>RTC_Alarm_IRQHandler</STRONG> (Thumb, 0 bytes, Stack size 0 bytes, mbed/TARGET_NUCLEO_F429ZI/TOOLCHAIN_ARM_STD/startup_stm32f429xx.o(.text))
<BR>[Address Reference Count : 1]<UL><LI> startup_stm32f429xx.o(RESET)
</UL>
<P><STRONG><a name="[1d]"></a>RTC_WKUP_IRQHandler</STRONG> (Thumb, 0 bytes, Stack size 0 bytes, mbed/TARGET_NUCLEO_F429ZI/TOOLCHAIN_ARM_STD/startup_stm32f429xx.o(.text))
<BR>[Address Reference Count : 1]<UL><LI> startup_stm32f429xx.o(RESET)
</UL>
<P><STRONG><a name="[70]"></a>SAI1_IRQHandler</STRONG> (Thumb, 0 bytes, Stack size 0 bytes, mbed/TARGET_NUCLEO_F429ZI/TOOLCHAIN_ARM_STD/startup_stm32f429xx.o(.text))
<BR>[Address Reference Count : 1]<UL><LI> startup_stm32f429xx.o(RESET)
</UL>
<P><STRONG><a name="[4b]"></a>SDIO_IRQHandler</STRONG> (Thumb, 0 bytes, Stack size 0 bytes, mbed/TARGET_NUCLEO_F429ZI/TOOLCHAIN_ARM_STD/startup_stm32f429xx.o(.text))
<BR>[Address Reference Count : 1]<UL><LI> startup_stm32f429xx.o(RESET)
</UL>
<P><STRONG><a name="[3d]"></a>SPI1_IRQHandler</STRONG> (Thumb, 0 bytes, Stack size 0 bytes, mbed/TARGET_NUCLEO_F429ZI/TOOLCHAIN_ARM_STD/startup_stm32f429xx.o(.text))
<BR>[Address Reference Count : 1]<UL><LI> startup_stm32f429xx.o(RESET)
</UL>
<P><STRONG><a name="[3e]"></a>SPI2_IRQHandler</STRONG> (Thumb, 0 bytes, Stack size 0 bytes, mbed/TARGET_NUCLEO_F429ZI/TOOLCHAIN_ARM_STD/startup_stm32f429xx.o(.text))
<BR>[Address Reference Count : 1]<UL><LI> startup_stm32f429xx.o(RESET)
</UL>
<P><STRONG><a name="[4d]"></a>SPI3_IRQHandler</STRONG> (Thumb, 0 bytes, Stack size 0 bytes, mbed/TARGET_NUCLEO_F429ZI/TOOLCHAIN_ARM_STD/startup_stm32f429xx.o(.text))
<BR>[Address Reference Count : 1]<UL><LI> startup_stm32f429xx.o(RESET)
</UL>
<P><STRONG><a name="[6d]"></a>SPI4_IRQHandler</STRONG> (Thumb, 0 bytes, Stack size 0 bytes, mbed/TARGET_NUCLEO_F429ZI/TOOLCHAIN_ARM_STD/startup_stm32f429xx.o(.text))
<BR>[Address Reference Count : 1]<UL><LI> startup_stm32f429xx.o(RESET)
</UL>
<P><STRONG><a name="[6e]"></a>SPI5_IRQHandler</STRONG> (Thumb, 0 bytes, Stack size 0 bytes, mbed/TARGET_NUCLEO_F429ZI/TOOLCHAIN_ARM_STD/startup_stm32f429xx.o(.text))
<BR>[Address Reference Count : 1]<UL><LI> startup_stm32f429xx.o(RESET)
</UL>
<P><STRONG><a name="[6f]"></a>SPI6_IRQHandler</STRONG> (Thumb, 0 bytes, Stack size 0 bytes, mbed/TARGET_NUCLEO_F429ZI/TOOLCHAIN_ARM_STD/startup_stm32f429xx.o(.text))
<BR>[Address Reference Count : 1]<UL><LI> startup_stm32f429xx.o(RESET)
</UL>
<P><STRONG><a name="[1c]"></a>TAMP_STAMP_IRQHandler</STRONG> (Thumb, 0 bytes, Stack size 0 bytes, mbed/TARGET_NUCLEO_F429ZI/TOOLCHAIN_ARM_STD/startup_stm32f429xx.o(.text))
<BR>[Address Reference Count : 1]<UL><LI> startup_stm32f429xx.o(RESET)
</UL>
<P><STRONG><a name="[32]"></a>TIM1_BRK_TIM9_IRQHandler</STRONG> (Thumb, 0 bytes, Stack size 0 bytes, mbed/TARGET_NUCLEO_F429ZI/TOOLCHAIN_ARM_STD/startup_stm32f429xx.o(.text))
<BR>[Address Reference Count : 1]<UL><LI> startup_stm32f429xx.o(RESET)
</UL>
<P><STRONG><a name="[35]"></a>TIM1_CC_IRQHandler</STRONG> (Thumb, 0 bytes, Stack size 0 bytes, mbed/TARGET_NUCLEO_F429ZI/TOOLCHAIN_ARM_STD/startup_stm32f429xx.o(.text))
<BR>[Address Reference Count : 1]<UL><LI> startup_stm32f429xx.o(RESET)
</UL>
<P><STRONG><a name="[34]"></a>TIM1_TRG_COM_TIM11_IRQHandler</STRONG> (Thumb, 0 bytes, Stack size 0 bytes, mbed/TARGET_NUCLEO_F429ZI/TOOLCHAIN_ARM_STD/startup_stm32f429xx.o(.text))
<BR>[Address Reference Count : 1]<UL><LI> startup_stm32f429xx.o(RESET)
</UL>
<P><STRONG><a name="[33]"></a>TIM1_UP_TIM10_IRQHandler</STRONG> (Thumb, 0 bytes, Stack size 0 bytes, mbed/TARGET_NUCLEO_F429ZI/TOOLCHAIN_ARM_STD/startup_stm32f429xx.o(.text))
<BR>[Address Reference Count : 1]<UL><LI> startup_stm32f429xx.o(RESET)
</UL>
<P><STRONG><a name="[36]"></a>TIM2_IRQHandler</STRONG> (Thumb, 0 bytes, Stack size 0 bytes, mbed/TARGET_NUCLEO_F429ZI/TOOLCHAIN_ARM_STD/startup_stm32f429xx.o(.text))
<BR>[Address Reference Count : 1]<UL><LI> startup_stm32f429xx.o(RESET)
</UL>
<P><STRONG><a name="[37]"></a>TIM3_IRQHandler</STRONG> (Thumb, 0 bytes, Stack size 0 bytes, mbed/TARGET_NUCLEO_F429ZI/TOOLCHAIN_ARM_STD/startup_stm32f429xx.o(.text))
<BR>[Address Reference Count : 1]<UL><LI> startup_stm32f429xx.o(RESET)
</UL>
<P><STRONG><a name="[38]"></a>TIM4_IRQHandler</STRONG> (Thumb, 0 bytes, Stack size 0 bytes, mbed/TARGET_NUCLEO_F429ZI/TOOLCHAIN_ARM_STD/startup_stm32f429xx.o(.text))
<BR>[Address Reference Count : 1]<UL><LI> startup_stm32f429xx.o(RESET)
</UL>
<P><STRONG><a name="[4c]"></a>TIM5_IRQHandler</STRONG> (Thumb, 0 bytes, Stack size 0 bytes, mbed/TARGET_NUCLEO_F429ZI/TOOLCHAIN_ARM_STD/startup_stm32f429xx.o(.text))
<BR>[Address Reference Count : 1]<UL><LI> startup_stm32f429xx.o(RESET)
</UL>
<P><STRONG><a name="[50]"></a>TIM6_DAC_IRQHandler</STRONG> (Thumb, 0 bytes, Stack size 0 bytes, mbed/TARGET_NUCLEO_F429ZI/TOOLCHAIN_ARM_STD/startup_stm32f429xx.o(.text))
<BR>[Address Reference Count : 1]<UL><LI> startup_stm32f429xx.o(RESET)
</UL>
<P><STRONG><a name="[51]"></a>TIM7_IRQHandler</STRONG> (Thumb, 0 bytes, Stack size 0 bytes, mbed/TARGET_NUCLEO_F429ZI/TOOLCHAIN_ARM_STD/startup_stm32f429xx.o(.text))
<BR>[Address Reference Count : 1]<UL><LI> startup_stm32f429xx.o(RESET)
</UL>
<P><STRONG><a name="[45]"></a>TIM8_BRK_TIM12_IRQHandler</STRONG> (Thumb, 0 bytes, Stack size 0 bytes, mbed/TARGET_NUCLEO_F429ZI/TOOLCHAIN_ARM_STD/startup_stm32f429xx.o(.text))
<BR>[Address Reference Count : 1]<UL><LI> startup_stm32f429xx.o(RESET)
</UL>
<P><STRONG><a name="[48]"></a>TIM8_CC_IRQHandler</STRONG> (Thumb, 0 bytes, Stack size 0 bytes, mbed/TARGET_NUCLEO_F429ZI/TOOLCHAIN_ARM_STD/startup_stm32f429xx.o(.text))
<BR>[Address Reference Count : 1]<UL><LI> startup_stm32f429xx.o(RESET)
</UL>
<P><STRONG><a name="[47]"></a>TIM8_TRG_COM_TIM14_IRQHandler</STRONG> (Thumb, 0 bytes, Stack size 0 bytes, mbed/TARGET_NUCLEO_F429ZI/TOOLCHAIN_ARM_STD/startup_stm32f429xx.o(.text))
<BR>[Address Reference Count : 1]<UL><LI> startup_stm32f429xx.o(RESET)
</UL>
<P><STRONG><a name="[46]"></a>TIM8_UP_TIM13_IRQHandler</STRONG> (Thumb, 0 bytes, Stack size 0 bytes, mbed/TARGET_NUCLEO_F429ZI/TOOLCHAIN_ARM_STD/startup_stm32f429xx.o(.text))
<BR>[Address Reference Count : 1]<UL><LI> startup_stm32f429xx.o(RESET)
</UL>
<P><STRONG><a name="[4e]"></a>UART4_IRQHandler</STRONG> (Thumb, 0 bytes, Stack size 0 bytes, mbed/TARGET_NUCLEO_F429ZI/TOOLCHAIN_ARM_STD/startup_stm32f429xx.o(.text))
<BR>[Address Reference Count : 1]<UL><LI> startup_stm32f429xx.o(RESET)
</UL>
<P><STRONG><a name="[4f]"></a>UART5_IRQHandler</STRONG> (Thumb, 0 bytes, Stack size 0 bytes, mbed/TARGET_NUCLEO_F429ZI/TOOLCHAIN_ARM_STD/startup_stm32f429xx.o(.text))
<BR>[Address Reference Count : 1]<UL><LI> startup_stm32f429xx.o(RESET)
</UL>
<P><STRONG><a name="[6b]"></a>UART7_IRQHandler</STRONG> (Thumb, 0 bytes, Stack size 0 bytes, mbed/TARGET_NUCLEO_F429ZI/TOOLCHAIN_ARM_STD/startup_stm32f429xx.o(.text))
<BR>[Address Reference Count : 1]<UL><LI> startup_stm32f429xx.o(RESET)
</UL>
[...]
<BR><BR>[Stack]<UL><LI>Max Depth = 616 + Unknown Stack Size
<LI>Call Chain = ticker_irq_handler &rArr; core_util_critical_section_exit &rArr; hal_critical_section_exit &rArr; mbed_assert_internal &rArr;  mbed_die (Cycle)
</UL>
<BR>[Calls]<UL><LI><a href="#[17b]">&gt;&gt;</a>&nbsp;&nbsp;&nbsp;core_util_critical_section_exit
<LI><a href="#[179]">&gt;&gt;</a>&nbsp;&nbsp;&nbsp;core_util_critical_section_enter
<LI><a href="#[18d]">&gt;&gt;</a>&nbsp;&nbsp;&nbsp;update_present_time
<LI><a href="#[18e]">&gt;&gt;</a>&nbsp;&nbsp;&nbsp;schedule_interrupt
</UL>
<BR>[Address Reference Count : 1]<UL><LI> mbed_us_ticker_api.o(.data)
</UL>
<P><STRONG><a name="[199]"></a>ticker_read</STRONG> (Thumb, 28 bytes, Stack size 8 bytes, mbed/TARGET_NUCLEO_F429ZI/TOOLCHAIN_ARM_STD/mbed.ar(mbed_ticker_api.o)(i.ticker_read))
<BR><BR>[Stack]<UL><LI>Max Depth = 640 + Unknown Stack Size
<LI>Call Chain = ticker_read &rArr; initialize &rArr; mbed_assert_internal &rArr;  mbed_die (Cycle)
</UL>
<BR>[Calls]<UL><LI><a href="#[17b]">&gt;&gt;</a>&nbsp;&nbsp;&nbsp;core_util_critical_section_exit
<LI><a href="#[179]">&gt;&gt;</a>&nbsp;&nbsp;&nbsp;core_util_critical_section_enter
<LI><a href="#[18d]">&gt;&gt;</a>&nbsp;&nbsp;&nbsp;update_present_time
<LI><a href="#[18b]">&gt;&gt;</a>&nbsp;&nbsp;&nbsp;initialize
</UL>
<BR>[Called By]<UL><LI><a href="#[191]">&gt;&gt;</a>&nbsp;&nbsp;&nbsp;wait_ms
</UL>

<P><STRONG><a name="[12b]"></a>ticker_read_us</STRONG> (Thumb, 30 bytes, Stack size 8 bytes, mbed/TARGET_NUCLEO_F429ZI/TOOLCHAIN_ARM_STD/mbed.ar(mbed_ticker_api.o)(i.ticker_read_us))
<BR><BR>[Stack]<UL><LI>Max Depth = 640 + Unknown Stack Size
<LI>Call Chain = ticker_read_us &rArr; initialize &rArr; mbed_assert_internal &rArr;  mbed_die (Cycle)
</UL>
<BR>[Calls]<UL><LI><a href="#[17b]">&gt;&gt;</a>&nbsp;&nbsp;&nbsp;core_util_critical_section_exit
<LI><a href="#[179]">&gt;&gt;</a>&nbsp;&nbsp;&nbsp;core_util_critical_section_enter
<LI><a href="#[18d]">&gt;&gt;</a>&nbsp;&nbsp;&nbsp;update_present_time
<LI><a href="#[18b]">&gt;&gt;</a>&nbsp;&nbsp;&nbsp;initialize
</UL>
<BR>[Called By]<UL><LI><a href="#[127]">&gt;&gt;</a>&nbsp;&nbsp;&nbsp;HAL_GetTick
</UL>

<P><STRONG><a name="[82]"></a>timer_irq_handler</STRONG> (Thumb, 32 bytes, Stack size 0 bytes, mbed/TARGET_NUCLEO_F429ZI/TOOLCHAIN_ARM_STD/us_ticker.o(i.timer_irq_handler))
<BR><BR>[Calls]<UL><LI><a href="#[19a]">&gt;&gt;</a>&nbsp;&nbsp;&nbsp;us_ticker_irq_handler
</UL>
<BR>[Address Reference Count : 1]<UL><LI> us_ticker.o(i.init_32bit_timer)
</UL>
<P><STRONG><a name="[86]"></a>us_ticker_clear_interrupt</STRONG> (Thumb, 12 bytes, Stack size 0 bytes, mbed/TARGET_NUCLEO_F429ZI/TOOLCHAIN_ARM_STD/us_ticker.o(i.us_ticker_clear_interrupt))
<BR>[Address Reference Count : 1]<UL><LI> mbed_us_ticker_api.o(.constdata)
</UL>
<P><STRONG><a name="[85]"></a>us_ticker_disable_interrupt</STRONG> (Thumb, 14 bytes, Stack size 0 bytes, mbed/TARGET_NUCLEO_F429ZI/TOOLCHAIN_ARM_STD/us_ticker.o(i.us_ticker_disable_interrupt))
<BR>[Address Reference Count : 1]<UL><LI> mbed_us_ticker_api.o(.constdata)
</UL>
<P><STRONG><a name="[88]"></a>us_ticker_fire_interrupt</STRONG> (Thumb, 32 bytes, Stack size 0 bytes, mbed/TARGET_NUCLEO_F429ZI/TOOLCHAIN_ARM_STD/us_ticker.o(i.us_ticker_fire_interrupt))
<BR>[Address Reference Count : 1]<UL><LI> mbed_us_ticker_api.o(.constdata)
</UL>
<P><STRONG><a name="[89]"></a>us_ticker_get_info</STRONG> (Thumb, 4 bytes, Stack size 0 bytes, mbed/TARGET_NUCLEO_F429ZI/TOOLCHAIN_ARM_STD/us_ticker.o(i.us_ticker_get_info))
<BR>[Address Reference Count : 1]<UL><LI> mbed_us_ticker_api.o(.constdata)
</UL>
<P><STRONG><a name="[83]"></a>us_ticker_init</STRONG> (Thumb, 14 bytes, Stack size 0 bytes, mbed/TARGET_NUCLEO_F429ZI/TOOLCHAIN_ARM_STD/us_ticker.o(i.us_ticker_init))
<BR>[Address Reference Count : 1]<UL><LI> mbed_us_ticker_api.o(.constdata)
</UL>
<P><STRONG><a name="[19a]"></a>us_ticker_irq_handler</STRONG> (Thumb, 14 bytes, Stack size 0 bytes, mbed/TARGET_NUCLEO_F429ZI/TOOLCHAIN_ARM_STD/mbed.ar(mbed_us_ticker_api.o)(i.us_ticker_irq_handler))
<BR><BR>[Called By]<UL><LI><a href="#[82]">&gt;&gt;</a>&nbsp;&nbsp;&nbsp;timer_irq_handler
</UL>

<P><STRONG><a name="[84]"></a>us_ticker_read</STRONG> (Thumb, 6 bytes, Stack size 0 bytes, mbed/TARGET_NUCLEO_F429ZI/TOOLCHAIN_ARM_STD/us_ticker.o(i.us_ticker_read))
<BR><BR>[Called By]<UL><LI><a href="#[127]">&gt;&gt;</a>&nbsp;&nbsp;&nbsp;HAL_GetTick
</UL>
<BR>[Address Reference Count : 1]<UL><LI> mbed_us_ticker_api.o(.constdata)
</UL>
<P><STRONG><a name="[87]"></a>us_ticker_set_interrupt</STRONG> (Thumb, 26 bytes, Stack size 0 bytes, mbed/TARGET_NUCLEO_F429ZI/TOOLCHAIN_ARM_STD/us_ticker.o(i.us_ticker_set_interrupt))
<BR>[Address Reference Count : 1]<UL><LI> mbed_us_ticker_api.o(.constdata)
</UL>
<P><STRONG><a name="[191]"></a>wait_ms</STRONG> (Thumb, 36 bytes, Stack size 16 bytes, mbed/TARGET_NUCLEO_F429ZI/TOOLCHAIN_ARM_STD/mbed.ar(mbed_wait_api_no_rtos.o)(i.wait_ms))
<BR><BR>[Stack]<UL><LI>Max Depth = 656 + Unknown Stack Size
<LI>Call Chain = wait_ms &rArr; ticker_read &rArr; initialize &rArr; mbed_assert_internal &rArr;  mbed_die (Cycle)
</UL>
<BR>[Calls]<UL><LI><a href="#[199]">&gt;&gt;</a>&nbsp;&nbsp;&nbsp;ticker_read
<LI><a href="#[12a]">&gt;&gt;</a>&nbsp;&nbsp;&nbsp;get_us_ticker_data
</UL>
<BR>[Called By]<UL><LI><a href="#[181]">&gt;&gt;</a>&nbsp;&nbsp;&nbsp;mbed_die
</UL>

<P><STRONG><a name="[c5]"></a>_get_lc_numeric</STRONG> (Thumb, 44 bytes, Stack size 8 bytes, C:\Keil_v5\ARM\ARMCC\Bin\..\lib\armlib\c_w.l(lc_numeric_c.o)(locale$$code))
<BR><BR>[Stack]<UL><LI>Max Depth = 8<LI>Call Chain = _get_lc_numeric
</UL>
<BR>[Calls]<UL><LI><a href="#[169]">&gt;&gt;</a>&nbsp;&nbsp;&nbsp;strcmp
</UL>
<BR>[Called By]<UL><LI><a href="#[c4]">&gt;&gt;</a>&nbsp;&nbsp;&nbsp;__rt_lib_init_lc_numeric_2
</UL>

<P><STRONG><a name="[7b]"></a>_get_lc_ctype</STRONG> (Thumb, 44 bytes, Stack size 8 bytes, C:\Keil_v5\ARM\ARMCC\Bin\..\lib\armlib\c_w.l(lc_ctype_c.o)(locale$$code))
<BR><BR>[Stack]<UL><LI>Max Depth = 8<LI>Call Chain = _get_lc_ctype
</UL>
<BR>[Calls]<UL><LI><a href="#[169]">&gt;&gt;</a>&nbsp;&nbsp;&nbsp;strcmp
</UL>
<BR>[Called By]<UL><LI><a href="#[c3]">&gt;&gt;</a>&nbsp;&nbsp;&nbsp;__rt_lib_init_lc_ctype_2
</UL>
<BR>[Address Reference Count : 1]<UL><LI> rt_ctype_table.o(.text)
</UL>
<P><STRONG><a name="[15c]"></a>SingletonPtr&lang;PlatformMutex&rang;::operator -&rang;()</STRONG> (Thumb, 36 bytes, Stack size 8 bytes, mbed/TARGET_NUCLEO_F429ZI/TOOLCHAIN_ARM_STD/mbed.ar(FileBase.o)(t._ZN12SingletonPtrI13PlatformMutexEptEv))
<BR><BR>[Stack]<UL><LI>Max Depth = 600 + Unknown Stack Size
<LI>Call Chain = SingletonPtr&lang;PlatformMutex&rang;::operator -&rang;() &rArr; mbed_assert_internal &rArr;  mbed_die (Cycle)
</UL>
<BR>[Calls]<UL><LI><a href="#[142]">&gt;&gt;</a>&nbsp;&nbsp;&nbsp;mbed_assert_internal
</UL>
<BR>[Called By]<UL><LI><a href="#[15d]">&gt;&gt;</a>&nbsp;&nbsp;&nbsp;mbed::FileBase::lookup(const char*, unsigned)
<LI><a href="#[92]">&gt;&gt;</a>&nbsp;&nbsp;&nbsp;mbed::AnalogIn::unlock()
<LI><a href="#[91]">&gt;&gt;</a>&nbsp;&nbsp;&nbsp;mbed::AnalogIn::lock()
</UL>

<P><STRONG><a name="[7f]"></a>mbed::Callback&lang;void()&rang;::~Callback()</STRONG> (Thumb, 18 bytes, Stack size 8 bytes, mbed/TARGET_NUCLEO_F429ZI/TOOLCHAIN_ARM_STD/mbed.ar(CAN.o)(t._ZN4mbed8CallbackIFvvEED1Ev))
<BR><BR>[Stack]<UL><LI>Max Depth = 8<LI>Call Chain = mbed::Callback&lang;void()&rang;::~Callback()
</UL>
<BR>[Address Reference Count : 1]<UL><LI> CAN.o(i._ZN4mbed3CAND1Ev)
</UL>
<P><STRONG><a name="[1d9]"></a>mbed::Callback&lang;void()&rang;::~Callback__sub_object()</STRONG> (Thumb, 0 bytes, Stack size 8 bytes, mbed/TARGET_NUCLEO_F429ZI/TOOLCHAIN_ARM_STD/mbed.ar(CAN.o)(t._ZN4mbed8CallbackIFvvEED1Ev), UNUSED)

<P><STRONG><a name="[19e]"></a>__fpl_dretinf</STRONG> (Thumb, 12 bytes, Stack size 0 bytes, C:\Keil_v5\ARM\ARMCC\Bin\..\lib\armlib\fz_wm.l(dretinf.o)(x$fpl$dretinf), UNUSED)
<BR><BR>[Called By]<UL><LI><a href="#[19c]">&gt;&gt;</a>&nbsp;&nbsp;&nbsp;_f2d
</UL>

<P><STRONG><a name="[18f]"></a>__aeabi_f2d</STRONG> (Thumb, 0 bytes, Stack size 16 bytes, C:\Keil_v5\ARM\ARMCC\Bin\..\lib\armlib\fz_wm.l(f2d.o)(x$fpl$f2d))
<BR><BR>[Stack]<UL><LI>Max Depth = 16<LI>Call Chain = __aeabi_f2d
</UL>
<BR>[Called By]<UL><LI><a href="#[122]">&gt;&gt;</a>&nbsp;&nbsp;&nbsp;$Super$$main
</UL>

<P><STRONG><a name="[19c]"></a>_f2d</STRONG> (Thumb, 86 bytes, Stack size 16 bytes, C:\Keil_v5\ARM\ARMCC\Bin\..\lib\armlib\fz_wm.l(f2d.o)(x$fpl$f2d), UNUSED)
<BR><BR>[Calls]<UL><LI><a href="#[19d]">&gt;&gt;</a>&nbsp;&nbsp;&nbsp;__fpl_fnaninf
<LI><a href="#[19e]">&gt;&gt;</a>&nbsp;&nbsp;&nbsp;__fpl_dretinf
</UL>

<P><STRONG><a name="[19d]"></a>__fpl_fnaninf</STRONG> (Thumb, 140 bytes, Stack size 8 bytes, C:\Keil_v5\ARM\ARMCC\Bin\..\lib\armlib\fz_wm.l(fnaninf.o)(x$fpl$fnaninf), UNUSED)
<BR><BR>[Called By]<UL><LI><a href="#[19c]">&gt;&gt;</a>&nbsp;&nbsp;&nbsp;_f2d
</UL>

<P><STRONG><a name="[be]"></a>_fp_init</STRONG> (Thumb, 10 bytes, Stack size 0 bytes, C:\Keil_v5\ARM\ARMCC\Bin\..\lib\armlib\fz_wm.l(fpinit.o)(x$fpl$fpinit))
<BR><BR>[Called By]<UL><LI><a href="#[bd]">&gt;&gt;</a>&nbsp;&nbsp;&nbsp;__rt_lib_init_fp_1
</UL>

<P><STRONG><a name="[1da]"></a>__fplib_config_fpu_vfp</STRONG> (Thumb, 0 bytes, Stack size unknown bytes, C:\Keil_v5\ARM\ARMCC\Bin\..\lib\armlib\fz_wm.l(fpinit.o)(x$fpl$fpinit), UNUSED)

<P><STRONG><a name="[1db]"></a>__fplib_config_pureend_doubles</STRONG> (Thumb, 0 bytes, Stack size unknown bytes, C:\Keil_v5\ARM\ARMCC\Bin\..\lib\armlib\fz_wm.l(fpinit.o)(x$fpl$fpinit), UNUSED)

<P><STRONG><a name="[a0]"></a>_printf_fp_dec</STRONG> (Thumb, 4 bytes, Stack size 0 bytes, C:\Keil_v5\ARM\ARMCC\Bin\..\lib\armlib\fz_wm.l(printf1.o)(x$fpl$printf1))
<BR><BR>[Stack]<UL><LI>Max Depth = 324<LI>Call Chain = _printf_fp_dec &rArr; _printf_fp_dec_real &rArr; _fp_digits &rArr; _btod_etento &rArr; _btod_emul &rArr; _e2e
</UL>
<BR>[Calls]<UL><LI><a href="#[fc]">&gt;&gt;</a>&nbsp;&nbsp;&nbsp;_printf_fp_dec_real
</UL>
<BR>[Called By]<UL><LI><a href="#[9f]">&gt;&gt;</a>&nbsp;&nbsp;&nbsp;_printf_f
<LI><a href="#[a2]">&gt;&gt;</a>&nbsp;&nbsp;&nbsp;_printf_g
<LI><a href="#[a1]">&gt;&gt;</a>&nbsp;&nbsp;&nbsp;_printf_e
</UL>

<P><STRONG><a name="[a4]"></a>_printf_fp_hex</STRONG> (Thumb, 4 bytes, Stack size 0 bytes, C:\Keil_v5\ARM\ARMCC\Bin\..\lib\armlib\fz_wm.l(printf2.o)(x$fpl$printf2))
<BR><BR>[Stack]<UL><LI>Max Depth = 112<LI>Call Chain = _printf_fp_hex &rArr; _printf_fp_hex_real &rArr; _printf_fp_infnan &rArr; _printf_post_padding
</UL>
<BR>[Calls]<UL><LI><a href="#[111]">&gt;&gt;</a>&nbsp;&nbsp;&nbsp;_printf_fp_hex_real
</UL>
<BR>[Called By]<UL><LI><a href="#[a3]">&gt;&gt;</a>&nbsp;&nbsp;&nbsp;_printf_a
</UL>
<P>
<H3>
Local Symbols
</H3>
<P><STRONG><a name="[123]"></a>can_irq</STRONG> (Thumb, 290 bytes, Stack size 88 bytes, mbed/TARGET_NUCLEO_F429ZI/TOOLCHAIN_ARM_STD/can_api.o(i.can_irq))
<BR><BR>[Stack]<UL><LI>Max Depth = 88<LI>Call Chain = can_irq
</UL>
<BR>[Called By]<UL><LI><a href="#[59]">&gt;&gt;</a>&nbsp;&nbsp;&nbsp;CAN2_TX_IRQHandler
<LI><a href="#[5c]">&gt;&gt;</a>&nbsp;&nbsp;&nbsp;CAN2_SCE_IRQHandler
<LI><a href="#[5a]">&gt;&gt;</a>&nbsp;&nbsp;&nbsp;CAN2_RX0_IRQHandler
<LI><a href="#[2d]">&gt;&gt;</a>&nbsp;&nbsp;&nbsp;CAN1_TX_IRQHandler
<LI><a href="#[30]">&gt;&gt;</a>&nbsp;&nbsp;&nbsp;CAN1_SCE_IRQHandler
<LI><a href="#[2e]">&gt;&gt;</a>&nbsp;&nbsp;&nbsp;CAN1_RX0_IRQHandler
</UL>

<P><STRONG><a name="[141]"></a>reserve_filehandle()</STRONG> (Thumb, 154 bytes, Stack size 16 bytes, mbed/TARGET_NUCLEO_F429ZI/TOOLCHAIN_ARM_STD/mbed_retarget.o(i._Z18reserve_filehandlev))
<BR><BR>[Stack]<UL><LI>Max Depth = 608 + Unknown Stack Size
<LI>Call Chain = reserve_filehandle() &rArr; mbed_assert_internal &rArr;  mbed_die (Cycle)
</UL>
<BR>[Calls]<UL><LI><a href="#[142]">&gt;&gt;</a>&nbsp;&nbsp;&nbsp;mbed_assert_internal
<LI><a href="#[113]">&gt;&gt;</a>&nbsp;&nbsp;&nbsp;__aeabi_errno_addr
</UL>
<BR>[Called By]<UL><LI><a href="#[16a]">&gt;&gt;</a>&nbsp;&nbsp;&nbsp;open
</UL>

<P><STRONG><a name="[143]"></a>get_fhc(int)</STRONG> (Thumb, 138 bytes, Stack size 24 bytes, mbed/TARGET_NUCLEO_F429ZI/TOOLCHAIN_ARM_STD/mbed_retarget.o(i._Z7get_fhci))
<BR><BR>[Stack]<UL><LI>Max Depth = 624 + Unknown Stack Size
<LI>Call Chain = get_fhc(int) &rArr; __cxa_guard_release &rArr; mbed_assert_internal &rArr;  mbed_die (Cycle)
</UL>
<BR>[Calls]<UL><LI><a href="#[145]">&gt;&gt;</a>&nbsp;&nbsp;&nbsp;mbed::mbed_target_override_console(int)
<LI><a href="#[144]">&gt;&gt;</a>&nbsp;&nbsp;&nbsp;mbed::mbed_override_console(int)
<LI><a href="#[148]">&gt;&gt;</a>&nbsp;&nbsp;&nbsp;serial_baud
<LI><a href="#[14a]">&gt;&gt;</a>&nbsp;&nbsp;&nbsp;__cxa_guard_release
<LI><a href="#[146]">&gt;&gt;</a>&nbsp;&nbsp;&nbsp;__cxa_guard_acquire
<LI><a href="#[149]">&gt;&gt;</a>&nbsp;&nbsp;&nbsp;__aeabi_atexit
<LI><a href="#[147]">&gt;&gt;</a>&nbsp;&nbsp;&nbsp;serial_init
</UL>
<BR>[Called By]<UL><LI><a href="#[10b]">&gt;&gt;</a>&nbsp;&nbsp;&nbsp;_sys_write
<LI><a href="#[10a]">&gt;&gt;</a>&nbsp;&nbsp;&nbsp;_sys_seek
<LI><a href="#[eb]">&gt;&gt;</a>&nbsp;&nbsp;&nbsp;_sys_open
<LI><a href="#[105]">&gt;&gt;</a>&nbsp;&nbsp;&nbsp;_sys_istty
<LI><a href="#[107]">&gt;&gt;</a>&nbsp;&nbsp;&nbsp;_sys_flen
<LI><a href="#[110]">&gt;&gt;</a>&nbsp;&nbsp;&nbsp;_sys_close
</UL>

<P><STRONG><a name="[17d]"></a>debug</STRONG> (Thumb, 20 bytes, Stack size 24 bytes, mbed/TARGET_NUCLEO_F429ZI/TOOLCHAIN_ARM_STD/serial_api.o(i.debug))
<BR><BR>[Stack]<UL><LI>Max Depth = 144 + Unknown Stack Size
<LI>Call Chain = debug &rArr; vfprintf &rArr; _printf_char_file &rArr; _printf_char_common &rArr; __printf
</UL>
<BR>[Calls]<UL><LI><a href="#[d6]">&gt;&gt;</a>&nbsp;&nbsp;&nbsp;vfprintf
</UL>
<BR>[Called By]<UL><LI><a href="#[148]">&gt;&gt;</a>&nbsp;&nbsp;&nbsp;serial_baud
</UL>

<P><STRONG><a name="[13b]"></a>UART_SetConfig</STRONG> (Thumb, 822 bytes, Stack size 24 bytes, mbed/TARGET_NUCLEO_F429ZI/TOOLCHAIN_ARM_STD/stm32f4xx_hal_uart.o(i.UART_SetConfig))
<BR><BR>[Stack]<UL><LI>Max Depth = 24<LI>Call Chain = UART_SetConfig
</UL>
<BR>[Calls]<UL><LI><a href="#[140]">&gt;&gt;</a>&nbsp;&nbsp;&nbsp;HAL_RCC_GetPCLK1Freq
<LI><a href="#[13f]">&gt;&gt;</a>&nbsp;&nbsp;&nbsp;HAL_RCC_GetPCLK2Freq
</UL>
<BR>[Called By]<UL><LI><a href="#[139]">&gt;&gt;</a>&nbsp;&nbsp;&nbsp;HAL_UART_Init
</UL>

<P><STRONG><a name="[93]"></a>__sti___8_main_cpp_can1</STRONG> (Thumb, 68 bytes, Stack size 16 bytes, .\build\main.o(i.__sti___8_main_cpp_can1))
<BR><BR>[Stack]<UL><LI>Max Depth = 824 + Unknown Stack Size
<LI>Call Chain = __sti___8_main_cpp_can1 &rArr; mbed::CAN::CAN(PinName, PinName, int) &rArr; can_init_freq &rArr; HAL_CAN_Init &rArr; HAL_GetTick &rArr; ticker_read_us &rArr; initialize &rArr; mbed_assert_internal &rArr;  mbed_die (Cycle)
</UL>
<BR>[Calls]<UL><LI><a href="#[149]">&gt;&gt;</a>&nbsp;&nbsp;&nbsp;__aeabi_atexit
<LI><a href="#[166]">&gt;&gt;</a>&nbsp;&nbsp;&nbsp;analogin_init
<LI><a href="#[92]">&gt;&gt;</a>&nbsp;&nbsp;&nbsp;mbed::AnalogIn::unlock()
<LI><a href="#[91]">&gt;&gt;</a>&nbsp;&nbsp;&nbsp;mbed::AnalogIn::lock()
<LI><a href="#[152]">&gt;&gt;</a>&nbsp;&nbsp;&nbsp;mbed::CAN::CAN(PinName, PinName, int)
</UL>
<BR>[Address Reference Count : 1]<UL><LI> main.o(.init_array)
</UL>
<P><STRONG><a name="[7d]"></a>&lang;Func1&rang;</STRONG> (Thumb, 12 bytes, Stack size 0 bytes, mbed/TARGET_NUCLEO_F429ZI/TOOLCHAIN_ARM_STD/mbed.ar(CAN.o)(i.<Func1>))
<BR>[Address Reference Count : 1]<UL><LI> CAN.o(i._ZN4mbed3CANC1E7PinNameS1_i)
</UL>
<P><STRONG><a name="[18b]"></a>initialize</STRONG> (Thumb, 246 bytes, Stack size 40 bytes, mbed/TARGET_NUCLEO_F429ZI/TOOLCHAIN_ARM_STD/mbed.ar(mbed_ticker_api.o)(i.initialize))
<BR><BR>[Stack]<UL><LI>Max Depth = 632 + Unknown Stack Size
<LI>Call Chain = initialize &rArr; mbed_assert_internal &rArr;  mbed_die (Cycle)
</UL>
<BR>[Calls]<UL><LI><a href="#[142]">&gt;&gt;</a>&nbsp;&nbsp;&nbsp;mbed_assert_internal
<LI><a href="#[18c]">&gt;&gt;</a>&nbsp;&nbsp;&nbsp;__aeabi_llsl
<LI><a href="#[12c]">&gt;&gt;</a>&nbsp;&nbsp;&nbsp;__aeabi_uldivmod
<LI><a href="#[18d]">&gt;&gt;</a>&nbsp;&nbsp;&nbsp;update_present_time
<LI><a href="#[18e]">&gt;&gt;</a>&nbsp;&nbsp;&nbsp;schedule_interrupt
</UL>
<BR>[Called By]<UL><LI><a href="#[199]">&gt;&gt;</a>&nbsp;&nbsp;&nbsp;ticker_read
<LI><a href="#[12b]">&gt;&gt;</a>&nbsp;&nbsp;&nbsp;ticker_read_us
</UL>

<P><STRONG><a name="[18e]"></a>schedule_interrupt</STRONG> (Thumb, 254 bytes, Stack size 32 bytes, mbed/TARGET_NUCLEO_F429ZI/TOOLCHAIN_ARM_STD/mbed.ar(mbed_ticker_api.o)(i.schedule_interrupt))
<BR><BR>[Stack]<UL><LI>Max Depth = 120<LI>Call Chain = schedule_interrupt &rArr; update_present_time &rArr; __aeabi_uldivmod
</UL>
<BR>[Calls]<UL><LI><a href="#[18c]">&gt;&gt;</a>&nbsp;&nbsp;&nbsp;__aeabi_llsl
<LI><a href="#[12c]">&gt;&gt;</a>&nbsp;&nbsp;&nbsp;__aeabi_uldivmod
<LI><a href="#[18d]">&gt;&gt;</a>&nbsp;&nbsp;&nbsp;update_present_time
</UL>
<BR>[Called By]<UL><LI><a href="#[18b]">&gt;&gt;</a>&nbsp;&nbsp;&nbsp;initialize
<LI><a href="#[94]">&gt;&gt;</a>&nbsp;&nbsp;&nbsp;ticker_irq_handler
</UL>

<P><STRONG><a name="[18d]"></a>update_present_time</STRONG> (Thumb, 252 bytes, Stack size 40 bytes, mbed/TARGET_NUCLEO_F429ZI/TOOLCHAIN_ARM_STD/mbed.ar(mbed_ticker_api.o)(i.update_present_time))
<BR><BR>[Stack]<UL><LI>Max Depth = 88<LI>Call Chain = update_present_time &rArr; __aeabi_uldivmod
</UL>
<BR>[Calls]<UL><LI><a href="#[19b]">&gt;&gt;</a>&nbsp;&nbsp;&nbsp;__aeabi_llsr
<LI><a href="#[18c]">&gt;&gt;</a>&nbsp;&nbsp;&nbsp;__aeabi_llsl
<LI><a href="#[12c]">&gt;&gt;</a>&nbsp;&nbsp;&nbsp;__aeabi_uldivmod
</UL>
<BR>[Called By]<UL><LI><a href="#[199]">&gt;&gt;</a>&nbsp;&nbsp;&nbsp;ticker_read
<LI><a href="#[12b]">&gt;&gt;</a>&nbsp;&nbsp;&nbsp;ticker_read_us
<LI><a href="#[18e]">&gt;&gt;</a>&nbsp;&nbsp;&nbsp;schedule_interrupt
<LI><a href="#[18b]">&gt;&gt;</a>&nbsp;&nbsp;&nbsp;initialize
<LI><a href="#[94]">&gt;&gt;</a>&nbsp;&nbsp;&nbsp;ticker_irq_handler
</UL>

<P><STRONG><a name="[17e]"></a>handle_error</STRONG> (Thumb, 106 bytes, Stack size 40 bytes, mbed/TARGET_NUCLEO_F429ZI/TOOLCHAIN_ARM_STD/mbed.ar(mbed_error.o)(i.handle_error))
<BR><BR>[Stack]<UL><LI>Max Depth = 48 + In Cycle
<LI>Call Chain = handle_error &rArr;  core_util_critical_section_exit (Cycle)
</UL>
<BR>[Calls]<UL><LI><a href="#[17b]">&gt;&gt;</a>&nbsp;&nbsp;&nbsp;core_util_critical_section_exit
<LI><a href="#[179]">&gt;&gt;</a>&nbsp;&nbsp;&nbsp;core_util_critical_section_enter
</UL>
<BR>[Called By]<UL><LI><a href="#[192]">&gt;&gt;</a>&nbsp;&nbsp;&nbsp;mbed_error
<LI><a href="#[13d]">&gt;&gt;</a>&nbsp;&nbsp;&nbsp;error
</UL>

<P><STRONG><a name="[17f]"></a>print_error_report</STRONG> (Thumb, 158 bytes, Stack size 24 bytes, mbed/TARGET_NUCLEO_F429ZI/TOOLCHAIN_ARM_STD/mbed.ar(mbed_error.o)(i.print_error_report))
<BR><BR>[Stack]<UL><LI>Max Depth = 24 + In Cycle
<LI>Call Chain = print_error_report &rArr;  mbed_error_printf (Cycle)
</UL>
<BR>[Calls]<UL><LI><a href="#[190]">&gt;&gt;</a>&nbsp;&nbsp;&nbsp;mbed_error_printf
</UL>
<BR>[Called By]<UL><LI><a href="#[192]">&gt;&gt;</a>&nbsp;&nbsp;&nbsp;mbed_error
<LI><a href="#[13d]">&gt;&gt;</a>&nbsp;&nbsp;&nbsp;error
</UL>

<P><STRONG><a name="[f6]"></a>_fp_digits</STRONG> (Thumb, 432 bytes, Stack size 96 bytes, C:\Keil_v5\ARM\ARMCC\Bin\..\lib\armlib\c_w.l(_printf_fp_dec.o)(.text))
<BR><BR>[Stack]<UL><LI>Max Depth = 220<LI>Call Chain = _fp_digits &rArr; _btod_etento &rArr; _btod_emul &rArr; _e2e
</UL>
<BR>[Calls]<UL><LI><a href="#[fa]">&gt;&gt;</a>&nbsp;&nbsp;&nbsp;_btod_emul
<LI><a href="#[f9]">&gt;&gt;</a>&nbsp;&nbsp;&nbsp;_btod_ediv
<LI><a href="#[f8]">&gt;&gt;</a>&nbsp;&nbsp;&nbsp;_btod_d2e
<LI><a href="#[f7]">&gt;&gt;</a>&nbsp;&nbsp;&nbsp;_btod_etento
<LI><a href="#[fb]">&gt;&gt;</a>&nbsp;&nbsp;&nbsp;_ll_udiv10
</UL>
<BR>[Called By]<UL><LI><a href="#[fc]">&gt;&gt;</a>&nbsp;&nbsp;&nbsp;_printf_fp_dec_real
</UL>

<P><STRONG><a name="[79]"></a>_printf_input_char</STRONG> (Thumb, 10 bytes, Stack size 0 bytes, C:\Keil_v5\ARM\ARMCC\Bin\..\lib\armlib\c_w.l(_printf_char_common.o)(.text))
<BR>[Address Reference Count : 1]<UL><LI> _printf_char_common.o(.text)
</UL><P>
<H3>
Undefined Global Symbols
</H3><HR></body></html>
